This is pdfTeX, Version 3.141592653-2.6-1.40.27 (MiKTeX 25.4) (preloaded format=pdflatex 2025.5.22)  5 SEP 2026 19:08
entering extended mode
 restricted \write18 enabled.
 %&-line parsing enabled.
**"./Joint Factor Strategy 1.tex"
(Joint Factor Strategy 1.tex
LaTeX2e <2024-11-01> patch level 2
L3 programming layer <2025-04-14>
(C:\Users\User\AppData\Roaming\MiKTeX\2.9\tex/latex/base\article.cls
Document Class: article 2024/06/29 v1.4n Standard LaTeX document class
(C:\Users\User\AppData\Roaming\MiKTeX\2.9\tex/latex/base\size10.clo
File: size10.clo 2024/06/29 v1.4n Standard LaTeX file (size option)
)
\c@part=\count272
\c@section=\count273
\c@subsection=\count274
\c@subsubsection=\count275
\c@paragraph=\count276
\c@subparagraph=\count277
\c@figure=\count278
\c@table=\count279
\abovecaptionskip=\skip49
\belowcaptionskip=\skip50
\bibindent=\dimen146
)
(C:\Users\User\AppData\Roaming\MiKTeX\2.9\tex/latex/listings\listings.sty
(C:\Users\User\AppData\Roaming\MiKTeX\2.9\tex/latex/graphics\keyval.sty
Package: keyval 2022/05/29 v1.15 key=value parser (DPC)
\KV@toks@=\toks17
)
\lst@mode=\count280
\lst@gtempboxa=\box53
\lst@token=\toks18
\lst@length=\count281
\lst@currlwidth=\dimen147
\lst@column=\count282
\lst@pos=\count283
\lst@lostspace=\dimen148
\lst@width=\dimen149
\lst@newlines=\count284
\lst@lineno=\count285
\lst@maxwidth=\dimen150

(C:\Users\User\AppData\Roaming\MiKTeX\2.9\tex/latex/listings\lstpatch.sty
File: lstpatch.sty 2024/09/23 1.10c (Carsten Heinz)
)
(C:\Users\User\AppData\Roaming\MiKTeX\2.9\tex/latex/listings\lstmisc.sty
File: lstmisc.sty 2024/09/23 1.10c (Carsten Heinz)
\c@lstnumber=\count286
\lst@skipnumbers=\count287
\lst@framebox=\box54
)
(C:\Users\User\AppData\Roaming\MiKTeX\2.9\tex/latex/listings\listings.cfg
File: listings.cfg 2024/09/23 1.10c listings configuration
))
Package: listings 2024/09/23 1.10c (Carsten Heinz)

(C:\Users\User\AppData\Roaming\MiKTeX\2.9\tex/latex/enumitem\enumitem.sty
Package: enumitem 2025/02/06 v3.11 Customized lists
\labelindent=\skip51
\enit@outerparindent=\dimen151
\enit@toks=\toks19
\enit@inbox=\box55
\enit@count@id=\count288
\enitdp@description=\count289
)
(C:\Users\User\AppData\Roaming\MiKTeX\2.9\tex/latex/amsfonts\amsfonts.sty
Package: amsfonts 2013/01/14 v3.01 Basic AMSFonts support
\@emptytoks=\toks20
\symAMSa=\mathgroup4
\symAMSb=\mathgroup5
LaTeX Font Info:    Redeclaring math symbol \hbar on input line 98.
LaTeX Font Info:    Overwriting math alphabet `\mathfrak' in version `bold'
(Font)                  U/euf/m/n --> U/euf/b/n on input line 106.
)
(C:\Users\User\AppData\Roaming\MiKTeX\2.9\tex/latex/pgfplots\pgfplots.sty
(C:\Users\User\AppData\Roaming\MiKTeX\2.9\tex/generic/pgfplots\pgfplots.revisio
n.tex)
Package: pgfplots 2021/05/15 v1.18.1 Data Visualization (1.18.1)

(C:\Users\User\AppData\Roaming\MiKTeX\2.9\tex/latex/graphics\graphicx.sty
Package: graphicx 2021/09/16 v1.2d Enhanced LaTeX Graphics (DPC,SPQR)

(C:\Users\User\AppData\Roaming\MiKTeX\2.9\tex/latex/graphics\graphics.sty
Package: graphics 2024/08/06 v1.4g Standard LaTeX Graphics (DPC,SPQR)

(C:\Users\User\AppData\Roaming\MiKTeX\2.9\tex/latex/graphics\trig.sty
Package: trig 2023/12/02 v1.11 sin cos tan (DPC)
)
(C:\Users\User\AppData\Roaming\MiKTeX\2.9\tex/latex/graphics-cfg\graphics.cfg
File: graphics.cfg 2016/06/04 v1.11 sample graphics configuration
)
Package graphics Info: Driver file: pdftex.def on input line 106.

(C:\Users\User\AppData\Roaming\MiKTeX\2.9\tex/latex/graphics-def\pdftex.def
File: pdftex.def 2024/04/13 v1.2c Graphics/color driver for pdftex
))
\Gin@req@height=\dimen152
\Gin@req@width=\dimen153
)
(C:\Users\User\AppData\Roaming\MiKTeX\2.9\tex/latex/pgf/frontendlayer\tikz.sty
(C:\Users\User\AppData\Roaming\MiKTeX\2.9\tex/latex/pgf/basiclayer\pgf.sty
(C:\Users\User\AppData\Roaming\MiKTeX\2.9\tex/latex/pgf/utilities\pgfrcs.sty
(C:\Users\User\AppData\Roaming\MiKTeX\2.9\tex/generic/pgf/utilities\pgfutil-com
mon.tex
\pgfutil@everybye=\toks21
\pgfutil@tempdima=\dimen154
\pgfutil@tempdimb=\dimen155
)
(C:\Users\User\AppData\Roaming\MiKTeX\2.9\tex/generic/pgf/utilities\pgfutil-lat
ex.def
\pgfutil@abb=\box56
)
(C:\Users\User\AppData\Roaming\MiKTeX\2.9\tex/generic/pgf/utilities\pgfrcs.code
.tex (C:\Users\User\AppData\Roaming\MiKTeX\2.9\tex/generic/pgf\pgf.revision.tex
)
Package: pgfrcs 2023-01-15 v3.1.10 (3.1.10)
))
Package: pgf 2023-01-15 v3.1.10 (3.1.10)

(C:\Users\User\AppData\Roaming\MiKTeX\2.9\tex/latex/pgf/basiclayer\pgfcore.sty
(C:\Users\User\AppData\Roaming\MiKTeX\2.9\tex/latex/pgf/systemlayer\pgfsys.sty
(C:\Users\User\AppData\Roaming\MiKTeX\2.9\tex/generic/pgf/systemlayer\pgfsys.co
de.tex
Package: pgfsys 2023-01-15 v3.1.10 (3.1.10)

(C:\Users\User\AppData\Roaming\MiKTeX\2.9\tex/generic/pgf/utilities\pgfkeys.cod
e.tex
\pgfkeys@pathtoks=\toks22
\pgfkeys@temptoks=\toks23

(C:\Users\User\AppData\Roaming\MiKTeX\2.9\tex/generic/pgf/utilities\pgfkeyslibr
aryfiltered.code.tex
\pgfkeys@tmptoks=\toks24
))
\pgf@x=\dimen156
\pgf@y=\dimen157
\pgf@xa=\dimen158
\pgf@ya=\dimen159
\pgf@xb=\dimen160
\pgf@yb=\dimen161
\pgf@xc=\dimen162
\pgf@yc=\dimen163
\pgf@xd=\dimen164
\pgf@yd=\dimen165
\w@pgf@writea=\write3
\r@pgf@reada=\read2
\c@pgf@counta=\count290
\c@pgf@countb=\count291
\c@pgf@countc=\count292
\c@pgf@countd=\count293
\t@pgf@toka=\toks25
\t@pgf@tokb=\toks26
\t@pgf@tokc=\toks27
\pgf@sys@id@count=\count294

(C:\Users\User\AppData\Roaming\MiKTeX\2.9\tex/generic/pgf/systemlayer\pgf.cfg
File: pgf.cfg 2023-01-15 v3.1.10 (3.1.10)
)
Driver file for pgf: pgfsys-pdftex.def

(C:\Users\User\AppData\Roaming\MiKTeX\2.9\tex/generic/pgf/systemlayer\pgfsys-pd
ftex.def
File: pgfsys-pdftex.def 2023-01-15 v3.1.10 (3.1.10)

(C:\Users\User\AppData\Roaming\MiKTeX\2.9\tex/generic/pgf/systemlayer\pgfsys-co
mmon-pdf.def
File: pgfsys-common-pdf.def 2023-01-15 v3.1.10 (3.1.10)
)))
(C:\Users\User\AppData\Roaming\MiKTeX\2.9\tex/generic/pgf/systemlayer\pgfsyssof
tpath.code.tex
File: pgfsyssoftpath.code.tex 2023-01-15 v3.1.10 (3.1.10)
\pgfsyssoftpath@smallbuffer@items=\count295
\pgfsyssoftpath@bigbuffer@items=\count296
)
(C:\Users\User\AppData\Roaming\MiKTeX\2.9\tex/generic/pgf/systemlayer\pgfsyspro
tocol.code.tex
File: pgfsysprotocol.code.tex 2023-01-15 v3.1.10 (3.1.10)
))
(C:\Users\User\AppData\Roaming\MiKTeX\2.9\tex/latex/xcolor\xcolor.sty
Package: xcolor 2024/09/29 v3.02 LaTeX color extensions (UK)

(C:\Users\User\AppData\Roaming\MiKTeX\2.9\tex/latex/graphics-cfg\color.cfg
File: color.cfg 2016/01/02 v1.6 sample color configuration
)
Package xcolor Info: Driver file: pdftex.def on input line 274.

(C:\Users\User\AppData\Roaming\MiKTeX\2.9\tex/latex/graphics\mathcolor.ltx)
Package xcolor Info: Model `cmy' substituted by `cmy0' on input line 1349.
Package xcolor Info: Model `hsb' substituted by `rgb' on input line 1353.
Package xcolor Info: Model `RGB' extended on input line 1365.
Package xcolor Info: Model `HTML' substituted by `rgb' on input line 1367.
Package xcolor Info: Model `Hsb' substituted by `hsb' on input line 1368.
Package xcolor Info: Model `tHsb' substituted by `hsb' on input line 1369.
Package xcolor Info: Model `HSB' substituted by `hsb' on input line 1370.
Package xcolor Info: Model `Gray' substituted by `gray' on input line 1371.
Package xcolor Info: Model `wave' substituted by `hsb' on input line 1372.
)
(C:\Users\User\AppData\Roaming\MiKTeX\2.9\tex/generic/pgf/basiclayer\pgfcore.co
de.tex
Package: pgfcore 2023-01-15 v3.1.10 (3.1.10)

(C:\Users\User\AppData\Roaming\MiKTeX\2.9\tex/generic/pgf/math\pgfmath.code.tex

(C:\Users\User\AppData\Roaming\MiKTeX\2.9\tex/generic/pgf/math\pgfmathutil.code
.tex)
(C:\Users\User\AppData\Roaming\MiKTeX\2.9\tex/generic/pgf/math\pgfmathparser.co
de.tex
\pgfmath@dimen=\dimen166
\pgfmath@count=\count297
\pgfmath@box=\box57
\pgfmath@toks=\toks28
\pgfmath@stack@operand=\toks29
\pgfmath@stack@operation=\toks30
)
(C:\Users\User\AppData\Roaming\MiKTeX\2.9\tex/generic/pgf/math\pgfmathfunctions
.code.tex)
(C:\Users\User\AppData\Roaming\MiKTeX\2.9\tex/generic/pgf/math\pgfmathfunctions
.basic.code.tex)
(C:\Users\User\AppData\Roaming\MiKTeX\2.9\tex/generic/pgf/math\pgfmathfunctions
.trigonometric.code.tex)
(C:\Users\User\AppData\Roaming\MiKTeX\2.9\tex/generic/pgf/math\pgfmathfunctions
.random.code.tex)
(C:\Users\User\AppData\Roaming\MiKTeX\2.9\tex/generic/pgf/math\pgfmathfunctions
.comparison.code.tex)
(C:\Users\User\AppData\Roaming\MiKTeX\2.9\tex/generic/pgf/math\pgfmathfunctions
.base.code.tex)
(C:\Users\User\AppData\Roaming\MiKTeX\2.9\tex/generic/pgf/math\pgfmathfunctions
.round.code.tex)
(C:\Users\User\AppData\Roaming\MiKTeX\2.9\tex/generic/pgf/math\pgfmathfunctions
.misc.code.tex)
(C:\Users\User\AppData\Roaming\MiKTeX\2.9\tex/generic/pgf/math\pgfmathfunctions
.integerarithmetics.code.tex)
(C:\Users\User\AppData\Roaming\MiKTeX\2.9\tex/generic/pgf/math\pgfmathcalc.code
.tex)
(C:\Users\User\AppData\Roaming\MiKTeX\2.9\tex/generic/pgf/math\pgfmathfloat.cod
e.tex
\c@pgfmathroundto@lastzeros=\count298
))
(C:\Users\User\AppData\Roaming\MiKTeX\2.9\tex/generic/pgf/math\pgfint.code.tex)

(C:\Users\User\AppData\Roaming\MiKTeX\2.9\tex/generic/pgf/basiclayer\pgfcorepoi
nts.code.tex
File: pgfcorepoints.code.tex 2023-01-15 v3.1.10 (3.1.10)
\pgf@picminx=\dimen167
\pgf@picmaxx=\dimen168
\pgf@picminy=\dimen169
\pgf@picmaxy=\dimen170
\pgf@pathminx=\dimen171
\pgf@pathmaxx=\dimen172
\pgf@pathminy=\dimen173
\pgf@pathmaxy=\dimen174
\pgf@xx=\dimen175
\pgf@xy=\dimen176
\pgf@yx=\dimen177
\pgf@yy=\dimen178
\pgf@zx=\dimen179
\pgf@zy=\dimen180
)
(C:\Users\User\AppData\Roaming\MiKTeX\2.9\tex/generic/pgf/basiclayer\pgfcorepat
hconstruct.code.tex
File: pgfcorepathconstruct.code.tex 2023-01-15 v3.1.10 (3.1.10)
\pgf@path@lastx=\dimen181
\pgf@path@lasty=\dimen182
)
(C:\Users\User\AppData\Roaming\MiKTeX\2.9\tex/generic/pgf/basiclayer\pgfcorepat
husage.code.tex
File: pgfcorepathusage.code.tex 2023-01-15 v3.1.10 (3.1.10)
\pgf@shorten@end@additional=\dimen183
\pgf@shorten@start@additional=\dimen184
)
(C:\Users\User\AppData\Roaming\MiKTeX\2.9\tex/generic/pgf/basiclayer\pgfcoresco
pes.code.tex
File: pgfcorescopes.code.tex 2023-01-15 v3.1.10 (3.1.10)
\pgfpic=\box58
\pgf@hbox=\box59
\pgf@layerbox@main=\box60
\pgf@picture@serial@count=\count299
)
(C:\Users\User\AppData\Roaming\MiKTeX\2.9\tex/generic/pgf/basiclayer\pgfcoregra
phicstate.code.tex
File: pgfcoregraphicstate.code.tex 2023-01-15 v3.1.10 (3.1.10)
\pgflinewidth=\dimen185
)
(C:\Users\User\AppData\Roaming\MiKTeX\2.9\tex/generic/pgf/basiclayer\pgfcoretra
nsformations.code.tex
File: pgfcoretransformations.code.tex 2023-01-15 v3.1.10 (3.1.10)
\pgf@pt@x=\dimen186
\pgf@pt@y=\dimen187
\pgf@pt@temp=\dimen188
)
(C:\Users\User\AppData\Roaming\MiKTeX\2.9\tex/generic/pgf/basiclayer\pgfcorequi
ck.code.tex
File: pgfcorequick.code.tex 2023-01-15 v3.1.10 (3.1.10)
)
(C:\Users\User\AppData\Roaming\MiKTeX\2.9\tex/generic/pgf/basiclayer\pgfcoreobj
ects.code.tex
File: pgfcoreobjects.code.tex 2023-01-15 v3.1.10 (3.1.10)
)
(C:\Users\User\AppData\Roaming\MiKTeX\2.9\tex/generic/pgf/basiclayer\pgfcorepat
hprocessing.code.tex
File: pgfcorepathprocessing.code.tex 2023-01-15 v3.1.10 (3.1.10)
)
(C:\Users\User\AppData\Roaming\MiKTeX\2.9\tex/generic/pgf/basiclayer\pgfcorearr
ows.code.tex
File: pgfcorearrows.code.tex 2023-01-15 v3.1.10 (3.1.10)
\pgfarrowsep=\dimen189
)
(C:\Users\User\AppData\Roaming\MiKTeX\2.9\tex/generic/pgf/basiclayer\pgfcoresha
de.code.tex
File: pgfcoreshade.code.tex 2023-01-15 v3.1.10 (3.1.10)
\pgf@max=\dimen190
\pgf@sys@shading@range@num=\count300
\pgf@shadingcount=\count301
)
(C:\Users\User\AppData\Roaming\MiKTeX\2.9\tex/generic/pgf/basiclayer\pgfcoreima
ge.code.tex
File: pgfcoreimage.code.tex 2023-01-15 v3.1.10 (3.1.10)
)
(C:\Users\User\AppData\Roaming\MiKTeX\2.9\tex/generic/pgf/basiclayer\pgfcoreext
ernal.code.tex
File: pgfcoreexternal.code.tex 2023-01-15 v3.1.10 (3.1.10)
\pgfexternal@startupbox=\box61
)
(C:\Users\User\AppData\Roaming\MiKTeX\2.9\tex/generic/pgf/basiclayer\pgfcorelay
ers.code.tex
File: pgfcorelayers.code.tex 2023-01-15 v3.1.10 (3.1.10)
)
(C:\Users\User\AppData\Roaming\MiKTeX\2.9\tex/generic/pgf/basiclayer\pgfcoretra
nsparency.code.tex
File: pgfcoretransparency.code.tex 2023-01-15 v3.1.10 (3.1.10)
)
(C:\Users\User\AppData\Roaming\MiKTeX\2.9\tex/generic/pgf/basiclayer\pgfcorepat
terns.code.tex
File: pgfcorepatterns.code.tex 2023-01-15 v3.1.10 (3.1.10)
)
(C:\Users\User\AppData\Roaming\MiKTeX\2.9\tex/generic/pgf/basiclayer\pgfcorerdf
.code.tex
File: pgfcorerdf.code.tex 2023-01-15 v3.1.10 (3.1.10)
)))
(C:\Users\User\AppData\Roaming\MiKTeX\2.9\tex/generic/pgf/modules\pgfmoduleshap
es.code.tex
File: pgfmoduleshapes.code.tex 2023-01-15 v3.1.10 (3.1.10)
\pgfnodeparttextbox=\box62
)
(C:\Users\User\AppData\Roaming\MiKTeX\2.9\tex/generic/pgf/modules\pgfmoduleplot
.code.tex
File: pgfmoduleplot.code.tex 2023-01-15 v3.1.10 (3.1.10)
)
(C:\Users\User\AppData\Roaming\MiKTeX\2.9\tex/latex/pgf/compatibility\pgfcomp-v
ersion-0-65.sty
Package: pgfcomp-version-0-65 2023-01-15 v3.1.10 (3.1.10)
\pgf@nodesepstart=\dimen191
\pgf@nodesepend=\dimen192
)
(C:\Users\User\AppData\Roaming\MiKTeX\2.9\tex/latex/pgf/compatibility\pgfcomp-v
ersion-1-18.sty
Package: pgfcomp-version-1-18 2023-01-15 v3.1.10 (3.1.10)
))
(C:\Users\User\AppData\Roaming\MiKTeX\2.9\tex/latex/pgf/utilities\pgffor.sty
(C:\Users\User\AppData\Roaming\MiKTeX\2.9\tex/latex/pgf/utilities\pgfkeys.sty
(C:\Users\User\AppData\Roaming\MiKTeX\2.9\tex/generic/pgf/utilities\pgfkeys.cod
e.tex))
(C:\Users\User\AppData\Roaming\MiKTeX\2.9\tex/latex/pgf/math\pgfmath.sty
(C:\Users\User\AppData\Roaming\MiKTeX\2.9\tex/generic/pgf/math\pgfmath.code.tex
))
(C:\Users\User\AppData\Roaming\MiKTeX\2.9\tex/generic/pgf/utilities\pgffor.code
.tex
Package: pgffor 2023-01-15 v3.1.10 (3.1.10)
\pgffor@iter=\dimen193
\pgffor@skip=\dimen194
\pgffor@stack=\toks31
\pgffor@toks=\toks32
))
(C:\Users\User\AppData\Roaming\MiKTeX\2.9\tex/generic/pgf/frontendlayer/tikz\ti
kz.code.tex
Package: tikz 2023-01-15 v3.1.10 (3.1.10)

(C:\Users\User\AppData\Roaming\MiKTeX\2.9\tex/generic/pgf/libraries\pgflibraryp
lothandlers.code.tex
File: pgflibraryplothandlers.code.tex 2023-01-15 v3.1.10 (3.1.10)
\pgf@plot@mark@count=\count302
\pgfplotmarksize=\dimen195
)
\tikz@lastx=\dimen196
\tikz@lasty=\dimen197
\tikz@lastxsaved=\dimen198
\tikz@lastysaved=\dimen199
\tikz@lastmovetox=\dimen256
\tikz@lastmovetoy=\dimen257
\tikzleveldistance=\dimen258
\tikzsiblingdistance=\dimen259
\tikz@figbox=\box63
\tikz@figbox@bg=\box64
\tikz@tempbox=\box65
\tikz@tempbox@bg=\box66
\tikztreelevel=\count303
\tikznumberofchildren=\count304
\tikznumberofcurrentchild=\count305
\tikz@fig@count=\count306

(C:\Users\User\AppData\Roaming\MiKTeX\2.9\tex/generic/pgf/modules\pgfmodulematr
ix.code.tex
File: pgfmodulematrix.code.tex 2023-01-15 v3.1.10 (3.1.10)
\pgfmatrixcurrentrow=\count307
\pgfmatrixcurrentcolumn=\count308
\pgf@matrix@numberofcolumns=\count309
)
\tikz@expandcount=\count310

(C:\Users\User\AppData\Roaming\MiKTeX\2.9\tex/generic/pgf/frontendlayer/tikz/li
braries\tikzlibrarytopaths.code.tex
File: tikzlibrarytopaths.code.tex 2023-01-15 v3.1.10 (3.1.10)
)))
(C:\Users\User\AppData\Roaming\MiKTeX\2.9\tex/generic/pgfplots\pgfplots.code.te
x
(C:\Users\User\AppData\Roaming\MiKTeX\2.9\tex/generic/pgfplots\pgfplotscore.cod
e.tex
\t@pgfplots@toka=\toks33
\t@pgfplots@tokb=\toks34
\t@pgfplots@tokc=\toks35
\pgfplots@tmpa=\dimen260
\c@pgfplots@coordindex=\count311
\c@pgfplots@scanlineindex=\count312

(C:\Users\User\AppData\Roaming\MiKTeX\2.9\tex/generic/pgfplots/sys\pgfplotssysg
eneric.code.tex))
(C:\Users\User\AppData\Roaming\MiKTeX\2.9\tex/generic/pgfplots/libs\pgfplotslib
rary.code.tex)
(C:\Users\User\AppData\Roaming\MiKTeX\2.9\tex/generic/pgfplots/oldpgfcompatib\p
gfplotsoldpgfsupp_loader.code.tex
(C:\Users\User\AppData\Roaming\MiKTeX\2.9\tex/generic/pgf/libraries\pgflibraryf
pu.code.tex)
Package pgfplots: loading complementary utilities for your pgf version...
\t@pgf@toka=\toks36
\t@pgf@tokb=\toks37
\t@pgf@tokc=\toks38

(C:\Users\User\AppData\Roaming\MiKTeX\2.9\tex/generic/pgfplots/oldpgfcompatib\p
gfplotsoldpgfsupp_pgfutil-common-lists.tex))
(C:\Users\User\AppData\Roaming\MiKTeX\2.9\tex/generic/pgfplots/util\pgfplotsuti
l.code.tex
(C:\Users\User\AppData\Roaming\MiKTeX\2.9\tex/generic/pgfplots/liststructure\pg
fplotsliststructure.code.tex)
(C:\Users\User\AppData\Roaming\MiKTeX\2.9\tex/generic/pgfplots/liststructure\pg
fplotsliststructureext.code.tex)
(C:\Users\User\AppData\Roaming\MiKTeX\2.9\tex/generic/pgfplots/liststructure\pg
fplotsarray.code.tex
\c@pgfplotsarray@tmp=\count313
)
(C:\Users\User\AppData\Roaming\MiKTeX\2.9\tex/generic/pgfplots/liststructure\pg
fplotsmatrix.code.tex)
(C:\Users\User\AppData\Roaming\MiKTeX\2.9\tex/generic/pgfplots/numtable\pgfplot
stableshared.code.tex
\c@pgfplotstable@counta=\count314
\t@pgfplotstable@a=\toks39
)
(C:\Users\User\AppData\Roaming\MiKTeX\2.9\tex/generic/pgfplots/liststructure\pg
fplotsdeque.code.tex)
(C:\Users\User\AppData\Roaming\MiKTeX\2.9\tex/generic/pgfplots/util\pgfplotsbin
ary.code.tex
(C:\Users\User\AppData\Roaming\MiKTeX\2.9\tex/generic/pgfplots/util\pgfplotsbin
ary.data.code.tex))
(C:\Users\User\AppData\Roaming\MiKTeX\2.9\tex/generic/pgfplots/util\pgfplotsuti
l.verb.code.tex)
(C:\Users\User\AppData\Roaming\MiKTeX\2.9\tex/generic/pgfplots/libs\pgflibraryp
gfplots.surfshading.code.tex
\c@pgfplotslibrarysurf@no=\count315

(C:\Users\User\AppData\Roaming\MiKTeX\2.9\tex/generic/pgfplots/sys\pgflibrarypg
fplots.surfshading.pgfsys-pdftex.def)))
(C:\Users\User\AppData\Roaming\MiKTeX\2.9\tex/generic/pgfplots/util\pgfplotscol
ormap.code.tex
(C:\Users\User\AppData\Roaming\MiKTeX\2.9\tex/generic/pgfplots/util\pgfplotscol
or.code.tex))
(C:\Users\User\AppData\Roaming\MiKTeX\2.9\tex/generic/pgfplots\pgfplotsstackedp
lots.code.tex)
(C:\Users\User\AppData\Roaming\MiKTeX\2.9\tex/generic/pgfplots\pgfplotsplothand
lers.code.tex
(C:\Users\User\AppData\Roaming\MiKTeX\2.9\tex/generic/pgfplots\pgfplotsmeshplot
handler.code.tex
(C:\Users\User\AppData\Roaming\MiKTeX\2.9\tex/generic/pgfplots\pgfplotsmeshplot
image.code.tex)))
(C:\Users\User\AppData\Roaming\MiKTeX\2.9\tex/generic/pgfplots\pgfplots.scaling
.code.tex)
(C:\Users\User\AppData\Roaming\MiKTeX\2.9\tex/generic/pgfplots\pgfplotscoordpro
cessing.code.tex)
(C:\Users\User\AppData\Roaming\MiKTeX\2.9\tex/generic/pgfplots\pgfplots.errorba
rs.code.tex)
(C:\Users\User\AppData\Roaming\MiKTeX\2.9\tex/generic/pgfplots\pgfplots.markers
.code.tex)
(C:\Users\User\AppData\Roaming\MiKTeX\2.9\tex/generic/pgfplots\pgfplotsticks.co
de.tex)
(C:\Users\User\AppData\Roaming\MiKTeX\2.9\tex/generic/pgfplots\pgfplots.paths.c
ode.tex)
(C:\Users\User\AppData\Roaming\MiKTeX\2.9\tex/generic/pgf/frontendlayer/tikz/li
braries\tikzlibrarydecorations.code.tex
(C:\Users\User\AppData\Roaming\MiKTeX\2.9\tex/generic/pgf/modules\pgfmoduledeco
rations.code.tex
\pgfdecoratedcompleteddistance=\dimen261
\pgfdecoratedremainingdistance=\dimen262
\pgfdecoratedinputsegmentcompleteddistance=\dimen263
\pgfdecoratedinputsegmentremainingdistance=\dimen264
\pgf@decorate@distancetomove=\dimen265
\pgf@decorate@repeatstate=\count316
\pgfdecorationsegmentamplitude=\dimen266
\pgfdecorationsegmentlength=\dimen267
)
\tikz@lib@dec@box=\box67
)
(C:\Users\User\AppData\Roaming\MiKTeX\2.9\tex/generic/pgf/frontendlayer/tikz/li
braries\tikzlibrarydecorations.pathmorphing.code.tex
(C:\Users\User\AppData\Roaming\MiKTeX\2.9\tex/generic/pgf/libraries/decorations
\pgflibrarydecorations.pathmorphing.code.tex))
(C:\Users\User\AppData\Roaming\MiKTeX\2.9\tex/generic/pgf/frontendlayer/tikz/li
braries\tikzlibrarydecorations.pathreplacing.code.tex
(C:\Users\User\AppData\Roaming\MiKTeX\2.9\tex/generic/pgf/libraries/decorations
\pgflibrarydecorations.pathreplacing.code.tex))
(C:\Users\User\AppData\Roaming\MiKTeX\2.9\tex/generic/pgfplots/libs\tikzlibrary
pgfplots.contourlua.code.tex)
\pgfplots@numplots=\count317
\pgfplots@xmin@reg=\dimen268
\pgfplots@xmax@reg=\dimen269
\pgfplots@ymin@reg=\dimen270
\pgfplots@ymax@reg=\dimen271
\pgfplots@zmin@reg=\dimen272
\pgfplots@zmax@reg=\dimen273
)
(C:\Users\User\AppData\Roaming\MiKTeX\2.9\tex/generic/pgf/frontendlayer/tikz/li
braries\tikzlibraryplotmarks.code.tex
File: tikzlibraryplotmarks.code.tex 2023-01-15 v3.1.10 (3.1.10)

(C:\Users\User\AppData\Roaming\MiKTeX\2.9\tex/generic/pgf/libraries\pgflibraryp
lotmarks.code.tex
File: pgflibraryplotmarks.code.tex 2023-01-15 v3.1.10 (3.1.10)
)))
(C:\Users\User\AppData\Roaming\MiKTeX\2.9\tex/latex/base\inputenc.sty
Package: inputenc 2024/02/08 v1.3d Input encoding file
\inpenc@prehook=\toks40
\inpenc@posthook=\toks41
)
(C:\Users\User\AppData\Roaming\MiKTeX\2.9\tex/latex/amsmath\amsmath.sty
Package: amsmath 2024/11/05 v2.17t AMS math features
\@mathmargin=\skip52

For additional information on amsmath, use the `?' option.
(C:\Users\User\AppData\Roaming\MiKTeX\2.9\tex/latex/amsmath\amstext.sty
Package: amstext 2021/08/26 v2.01 AMS text

(C:\Users\User\AppData\Roaming\MiKTeX\2.9\tex/latex/amsmath\amsgen.sty
File: amsgen.sty 1999/11/30 v2.0 generic functions
\@emptytoks=\toks42
\ex@=\dimen274
))
(C:\Users\User\AppData\Roaming\MiKTeX\2.9\tex/latex/amsmath\amsbsy.sty
Package: amsbsy 1999/11/29 v1.2d Bold Symbols
\pmbraise@=\dimen275
)
(C:\Users\User\AppData\Roaming\MiKTeX\2.9\tex/latex/amsmath\amsopn.sty
Package: amsopn 2022/04/08 v2.04 operator names
)
\inf@bad=\count318
LaTeX Info: Redefining \frac on input line 233.
\uproot@=\count319
\leftroot@=\count320
LaTeX Info: Redefining \overline on input line 398.
LaTeX Info: Redefining \colon on input line 409.
\classnum@=\count321
\DOTSCASE@=\count322
LaTeX Info: Redefining \ldots on input line 495.
LaTeX Info: Redefining \dots on input line 498.
LaTeX Info: Redefining \cdots on input line 619.
\Mathstrutbox@=\box68
\strutbox@=\box69
LaTeX Info: Redefining \big on input line 721.
LaTeX Info: Redefining \Big on input line 722.
LaTeX Info: Redefining \bigg on input line 723.
LaTeX Info: Redefining \Bigg on input line 724.
\big@size=\dimen276
LaTeX Font Info:    Redeclaring font encoding OML on input line 742.
LaTeX Font Info:    Redeclaring font encoding OMS on input line 743.
\macc@depth=\count323
LaTeX Info: Redefining \bmod on input line 904.
LaTeX Info: Redefining \pmod on input line 909.
LaTeX Info: Redefining \smash on input line 939.
LaTeX Info: Redefining \relbar on input line 969.
LaTeX Info: Redefining \Relbar on input line 970.
\c@MaxMatrixCols=\count324
\dotsspace@=\muskip17
\c@parentequation=\count325
\dspbrk@lvl=\count326
\tag@help=\toks43
\row@=\count327
\column@=\count328
\maxfields@=\count329
\andhelp@=\toks44
\eqnshift@=\dimen277
\alignsep@=\dimen278
\tagshift@=\dimen279
\tagwidth@=\dimen280
\totwidth@=\dimen281
\lineht@=\dimen282
\@envbody=\toks45
\multlinegap=\skip53
\multlinetaggap=\skip54
\mathdisplay@stack=\toks46
LaTeX Info: Redefining \[ on input line 2953.
LaTeX Info: Redefining \] on input line 2954.
)
(C:\Users\User\AppData\Roaming\MiKTeX\2.9\tex/latex/oberdiek\centernot.sty
Package: centernot 2016/05/16 v1.4 Centers the not symbol horizontally (HO)
)
(C:\Users\User\AppData\Roaming\MiKTeX\2.9\tex/latex/amsfonts\amssymb.sty
Package: amssymb 2013/01/14 v3.01 AMS font symbols
)
(C:\Users\User\AppData\Roaming\MiKTeX\2.9\tex/latex/qtree\qtree.sty
Package: 2008/12/12 v.3.1bQtree: tree-drawing for linguistics
Package: qtree 2008/12/12 v.3.1bQtree: tree-drawing for linguistics
(C:\Users\User\AppData\Roaming\MiKTeX\2.9\tex/latex/pict2e\pict2e.sty
Package: pict2e 2020/09/30 v0.4b Improved picture commands (HjG,RN,JT)

(C:\Users\User\AppData\Roaming\MiKTeX\2.9\tex/latex/pict2e\pict2e.cfg
File: pict2e.cfg 2016/02/05 v0.1u pict2e configuration for teTeX/TeXLive
)
Package pict2e Info: Driver file: pdftex.def on input line 112.
Package pict2e Info: Driver file for pict2e: p2e-pdftex.def on input line 114.

(C:\Users\User\AppData\Roaming\MiKTeX\2.9\tex/latex/pict2e\p2e-pdftex.def
File: p2e-pdftex.def 2016/02/05 v0.1u Driver-dependant file (RN,HjG,JT)
)
\pIIe@GRAPH=\toks47
\@arclen=\dimen283
\@arcrad=\dimen284
\pIIe@tempdima=\dimen285
\pIIe@tempdimb=\dimen286
\pIIe@tempdimc=\dimen287
\pIIe@tempdimd=\dimen288
\pIIe@tempdime=\dimen289
\pIIe@tempdimf=\dimen290
)
\c@treecount=\count330
\c@branchcount=\count331
\parentbox=\box70
\treebox=\box71
\treeboxone=\box72
\treeboxtwo=\box73
\treeboxthree=\box74
\treeboxfour=\box75
\treeboxfive=\box76
\treeboxsix=\box77
\treeboxseven=\box78
\treeboxeight=\box79
\treeboxnine=\box80
\treeboxten=\box81
\treeboxeleven=\box82
\treeboxtwelve=\box83
\treeboxthirteen=\box84
\treeboxfourteen=\box85
\treeboxfifteen=\box86
\treeboxsixteen=\box87
\treeboxseventeen=\box88
\treeboxeighteen=\box89
\treeboxnineteen=\box90
\treeboxtwenty=\box91
\treeoffsetone=\skip55
\treeoffsettwo=\skip56
\treeoffsetthree=\skip57
\treeoffsetfour=\skip58
\treeoffsetfive=\skip59
\treeoffsetsix=\skip60
\treeoffsetseven=\skip61
\treeoffseteight=\skip62
\treeoffsetnine=\skip63
\treeoffsetten=\skip64
\treeoffseteleven=\skip65
\treeoffsettwelve=\skip66
\treeoffsetthirteen=\skip67
\treeoffsetfourteen=\skip68
\treeoffsetfifteen=\skip69
\treeoffsetsixteen=\skip70
\treeoffsetseventeen=\skip71
\treeoffseteighteen=\skip72
\treeoffsetnineteen=\skip73
\treeoffsettwenty=\skip74
\treeshiftone=\skip75
\treeshifttwo=\skip76
\treeshiftthree=\skip77
\treeshiftfour=\skip78
\treeshiftfive=\skip79
\treeshiftsix=\skip80
\treeshiftseven=\skip81
\treeshifteight=\skip82
\treeshiftnine=\skip83
\treeshiftten=\skip84
\treeshifteleven=\skip85
\treeshifttwelve=\skip86
\treeshiftthirteen=\skip87
\treeshiftfourteen=\skip88
\treeshiftfifteen=\skip89
\treeshiftsixteen=\skip90
\treeshiftseventeen=\skip91
\treeshifteighteen=\skip92
\treeshiftnineteen=\skip93
\treeshifttwenty=\skip94
\treewidthone=\skip95
\treewidthtwo=\skip96
\treewidththree=\skip97
\treewidthfour=\skip98
\treewidthfive=\skip99
\treewidthsix=\skip100
\treewidthseven=\skip101
\treewidtheight=\skip102
\treewidthnine=\skip103
\treewidthten=\skip104
\treewidtheleven=\skip105
\treewidthtwelve=\skip106
\treewidththirteen=\skip107
\treewidthfourteen=\skip108
\treewidthfifteen=\skip109
\treewidthsixteen=\skip110
\treewidthseventeen=\skip111
\treewidtheighteen=\skip112
\treewidthnineteen=\skip113
\treewidthtwenty=\skip114
\daughteroffsetone=\skip115
\daughteroffsettwo=\skip116
\daughteroffsetthree=\skip117
\daughteroffsetfour=\skip118
\branchwidthone=\skip119
\branchwidthtwo=\skip120
\branchwidththree=\skip121
\branchwidthfour=\skip122
\parentoffset=\skip123
\treeoffset=\skip124
\daughteroffset=\skip125
\branchwidth=\skip126
\parentwidth=\skip127
\treewidth=\skip128
\qta=\toks48
\qtb=\toks49
\nbranches=\count332
\qroofx=\count333
\qroofy=\count334
\@qrscratchbox=\box92
)
(C:\Users\User\AppData\Roaming\MiKTeX\2.9\tex/latex/fancyhdr\fancyhdr.sty
Package: fancyhdr 2025/02/07 v5.2 Extensive control of page headers and footers

\f@nch@headwidth=\skip129
\f@nch@offset@elh=\skip130
\f@nch@offset@erh=\skip131
\f@nch@offset@olh=\skip132
\f@nch@offset@orh=\skip133
\f@nch@offset@elf=\skip134
\f@nch@offset@erf=\skip135
\f@nch@offset@olf=\skip136
\f@nch@offset@orf=\skip137
\f@nch@height=\skip138
\f@nch@footalignment=\skip139
\f@nch@widthL=\skip140
\f@nch@widthC=\skip141
\f@nch@widthR=\skip142
\@temptokenb=\toks50
)
(C:\Users\User\AppData\Roaming\MiKTeX\2.9\tex/latex/tools\bm.sty
Package: bm 2023/12/19 v1.2f Bold Symbol Support (DPC/FMi)
\symboldoperators=\mathgroup6
\symboldletters=\mathgroup7
\symboldsymbols=\mathgroup8
Package bm Info: No bold for \OMX/cmex/m/n, using \pmb.
Package bm Info: No bold for \U/msa/m/n, using \pmb.
Package bm Info: No bold for \U/msb/m/n, using \pmb.
LaTeX Font Info:    Redeclaring math alphabet \mathbf on input line 149.
)
(C:\Users\User\AppData\Roaming\MiKTeX\2.9\tex/latex/bbm\bbm.sty
Package: bbm 1999/03/15 V 1.2 provides fonts for set symbols - TH
LaTeX Font Info:    Overwriting math alphabet `\mathbbm' in version `bold'
(Font)                  U/bbm/m/n --> U/bbm/bx/n on input line 33.
LaTeX Font Info:    Overwriting math alphabet `\mathbbmss' in version `bold'
(Font)                  U/bbmss/m/n --> U/bbmss/bx/n on input line 35.
)
(C:\Users\User\AppData\Roaming\MiKTeX\2.9\tex/latex/setspace\setspace.sty
Package: setspace 2022/12/04 v6.7b set line spacing
)
(C:\Users\User\AppData\Roaming\MiKTeX\2.9\tex/latex/geometry\geometry.sty
Package: geometry 2020/01/02 v5.9 Page Geometry

(C:\Users\User\AppData\Roaming\MiKTeX\2.9\tex/generic/iftex\ifvtex.sty
Package: ifvtex 2019/10/25 v1.7 ifvtex legacy package. Use iftex instead.

(C:\Users\User\AppData\Roaming\MiKTeX\2.9\tex/generic/iftex\iftex.sty
Package: iftex 2024/12/12 v1.0g TeX engine tests
))
\Gm@cnth=\count335
\Gm@cntv=\count336
\c@Gm@tempcnt=\count337
\Gm@bindingoffset=\dimen291
\Gm@wd@mp=\dimen292
\Gm@odd@mp=\dimen293
\Gm@even@mp=\dimen294
\Gm@layoutwidth=\dimen295
\Gm@layoutheight=\dimen296
\Gm@layouthoffset=\dimen297
\Gm@layoutvoffset=\dimen298
\Gm@dimlist=\toks51

(C:\Users\User\AppData\Roaming\MiKTeX\2.9\tex/latex/geometry\geometry.cfg))
(C:\Users\User\AppData\Roaming\MiKTeX\2.9\tex/latex/biblatex\biblatex.sty
Package: biblatex 2024/03/21 v3.20 programmable bibliographies (PK/MW)

(C:\Users\User\AppData\Roaming\MiKTeX\2.9\tex/generic/pdftexcmds\pdftexcmds.sty
Package: pdftexcmds 2020-06-27 v0.33 Utility functions of pdfTeX for LuaTeX (HO
)
(C:\Users\User\AppData\Roaming\MiKTeX\2.9\tex/generic/infwarerr\infwarerr.sty
Package: infwarerr 2019/12/03 v1.5 Providing info/warning/error messages (HO)
)
(C:\Users\User\AppData\Roaming\MiKTeX\2.9\tex/generic/ltxcmds\ltxcmds.sty
Package: ltxcmds 2023-12-04 v1.26 LaTeX kernel commands for general use (HO)
)
Package pdftexcmds Info: \pdf@primitive is available.
Package pdftexcmds Info: \pdf@ifprimitive is available.
Package pdftexcmds Info: \pdfdraftmode found.
)
(C:\Users\User\AppData\Roaming\MiKTeX\2.9\tex/latex/etoolbox\etoolbox.sty
Package: etoolbox 2025/02/11 v2.5l e-TeX tools for LaTeX (JAW)
\etb@tempcnta=\count338
)
(C:\Users\User\AppData\Roaming\MiKTeX\2.9\tex/latex/kvoptions\kvoptions.sty
Package: kvoptions 2022-06-15 v3.15 Key value format for package options (HO)

(C:\Users\User\AppData\Roaming\MiKTeX\2.9\tex/latex/kvsetkeys\kvsetkeys.sty
Package: kvsetkeys 2022-10-05 v1.19 Key value parser (HO)
))
(C:\Users\User\AppData\Roaming\MiKTeX\2.9\tex/latex/logreq\logreq.sty
Package: logreq 2010/08/04 v1.0 xml request logger
\lrq@indent=\count339

(C:\Users\User\AppData\Roaming\MiKTeX\2.9\tex/latex/logreq\logreq.def
File: logreq.def 2010/08/04 v1.0 logreq spec v1.0
))
(C:\Users\User\AppData\Roaming\MiKTeX\2.9\tex/latex/base\ifthen.sty
Package: ifthen 2024/03/16 v1.1e Standard LaTeX ifthen package (DPC)
)
(C:\Users\User\AppData\Roaming\MiKTeX\2.9\tex/latex/url\url.sty
\Urlmuskip=\muskip18
Package: url 2013/09/16  ver 3.4  Verb mode for urls, etc.
)
\c@tabx@nest=\count340
\c@listtotal=\count341
\c@listcount=\count342
\c@liststart=\count343
\c@liststop=\count344
\c@citecount=\count345
\c@citetotal=\count346
\c@multicitecount=\count347
\c@multicitetotal=\count348
\c@instcount=\count349
\c@maxnames=\count350
\c@minnames=\count351
\c@maxitems=\count352
\c@minitems=\count353
\c@citecounter=\count354
\c@maxcitecounter=\count355
\c@savedcitecounter=\count356
\c@uniquelist=\count357
\c@uniquename=\count358
\c@refsection=\count359
\c@refsegment=\count360
\c@maxextratitle=\count361
\c@maxextratitleyear=\count362
\c@maxextraname=\count363
\c@maxextradate=\count364
\c@maxextraalpha=\count365
\c@abbrvpenalty=\count366
\c@highnamepenalty=\count367
\c@lownamepenalty=\count368
\c@maxparens=\count369
\c@parenlevel=\count370
\blx@tempcnta=\count371
\blx@tempcntb=\count372
\blx@tempcntc=\count373
\c@blx@maxsection=\count374
\blx@maxsegment@0=\count375
\blx@notetype=\count376
\blx@parenlevel@text=\count377
\blx@parenlevel@foot=\count378
\blx@sectionciteorder@0=\count379
\blx@sectionciteorderinternal@0=\count380
\blx@entrysetcounter=\count381
\blx@biblioinstance=\count382
\labelnumberwidth=\skip143
\labelalphawidth=\skip144
\biblabelsep=\skip145
\bibitemsep=\skip146
\bibnamesep=\skip147
\bibinitsep=\skip148
\bibparsep=\skip149
\bibhang=\skip150
\blx@bcfin=\read3
\blx@bcfout=\write4
\blx@langwohyphens=\language1
\c@mincomprange=\count383
\c@maxcomprange=\count384
\c@mincompwidth=\count385
Package biblatex Info: Trying to load biblatex default data model...
Package biblatex Info: ... file 'blx-dm.def' found.

(C:\Users\User\AppData\Roaming\MiKTeX\2.9\tex/latex/biblatex\blx-dm.def
File: blx-dm.def 2024/03/21 v3.20 biblatex datamodel (PK/MW)
)
Package biblatex Info: Trying to load biblatex custom data model...
Package biblatex Info: ... file 'biblatex-dm.cfg' not found.
\c@afterword=\count386
\c@savedafterword=\count387
\c@annotator=\count388
\c@savedannotator=\count389
\c@author=\count390
\c@savedauthor=\count391
\c@bookauthor=\count392
\c@savedbookauthor=\count393
\c@commentator=\count394
\c@savedcommentator=\count395
\c@editor=\count396
\c@savededitor=\count397
\c@editora=\count398
\c@savededitora=\count399
\c@editorb=\count400
\c@savededitorb=\count401
\c@editorc=\count402
\c@savededitorc=\count403
\c@foreword=\count404
\c@savedforeword=\count405
\c@holder=\count406
\c@savedholder=\count407
\c@introduction=\count408
\c@savedintroduction=\count409
\c@namea=\count410
\c@savednamea=\count411
\c@nameb=\count412
\c@savednameb=\count413
\c@namec=\count414
\c@savednamec=\count415
\c@translator=\count416
\c@savedtranslator=\count417
\c@shortauthor=\count418
\c@savedshortauthor=\count419
\c@shorteditor=\count420
\c@savedshorteditor=\count421
\c@labelname=\count422
\c@savedlabelname=\count423
\c@institution=\count424
\c@savedinstitution=\count425
\c@lista=\count426
\c@savedlista=\count427
\c@listb=\count428
\c@savedlistb=\count429
\c@listc=\count430
\c@savedlistc=\count431
\c@listd=\count432
\c@savedlistd=\count433
\c@liste=\count434
\c@savedliste=\count435
\c@listf=\count436
\c@savedlistf=\count437
\c@location=\count438
\c@savedlocation=\count439
\c@organization=\count440
\c@savedorganization=\count441
\c@origlocation=\count442
\c@savedoriglocation=\count443
\c@origpublisher=\count444
\c@savedorigpublisher=\count445
\c@publisher=\count446
\c@savedpublisher=\count447
\c@language=\count448
\c@savedlanguage=\count449
\c@origlanguage=\count450
\c@savedoriglanguage=\count451
\c@pageref=\count452
\c@savedpageref=\count453
\shorthandwidth=\skip151
\shortjournalwidth=\skip152
\shortserieswidth=\skip153
\shorttitlewidth=\skip154
\shortauthorwidth=\skip155
\shorteditorwidth=\skip156
\locallabelnumberwidth=\skip157
\locallabelalphawidth=\skip158
\localshorthandwidth=\skip159
\localshortjournalwidth=\skip160
\localshortserieswidth=\skip161
\localshorttitlewidth=\skip162
\localshortauthorwidth=\skip163
\localshorteditorwidth=\skip164
Package biblatex Info: Trying to load compatibility code...
Package biblatex Info: ... file 'blx-compat.def' found.

(C:\Users\User\AppData\Roaming\MiKTeX\2.9\tex/latex/biblatex\blx-compat.def
File: blx-compat.def 2024/03/21 v3.20 biblatex compatibility (PK/MW)
)
Package biblatex Info: Trying to load generic definitions...
Package biblatex Info: ... file 'biblatex.def' found.

(C:\Users\User\AppData\Roaming\MiKTeX\2.9\tex/latex/biblatex\biblatex.def
File: biblatex.def 2024/03/21 v3.20 biblatex compatibility (PK/MW)
\c@textcitecount=\count454
\c@textcitetotal=\count455
\c@textcitemaxnames=\count456
\c@biburlbigbreakpenalty=\count457
\c@biburlbreakpenalty=\count458
\c@biburlnumpenalty=\count459
\c@biburlucpenalty=\count460
\c@biburllcpenalty=\count461
\biburlbigskip=\muskip19
\biburlnumskip=\muskip20
\biburlucskip=\muskip21
\biburllcskip=\muskip22
\c@smartand=\count462
)
Package biblatex Info: Trying to load bibliography style 'numeric'...
Package biblatex Info: ... file 'numeric.bbx' found.

(C:\Users\User\AppData\Roaming\MiKTeX\2.9\tex/latex/biblatex/bbx\numeric.bbx
File: numeric.bbx 2024/03/21 v3.20 biblatex bibliography style (PK/MW)
Package biblatex Info: Trying to load bibliography style 'standard'...
Package biblatex Info: ... file 'standard.bbx' found.

(C:\Users\User\AppData\Roaming\MiKTeX\2.9\tex/latex/biblatex/bbx\standard.bbx
File: standard.bbx 2024/03/21 v3.20 biblatex bibliography style (PK/MW)
\c@bbx:relatedcount=\count463
\c@bbx:relatedtotal=\count464
))
Package biblatex Info: Trying to load citation style 'numeric'...
Package biblatex Info: ... file 'numeric.cbx' found.
(C:\Users\User\AppData\Roaming\MiKTeX\2.9\tex/latex/biblatex/cbx\numeric.cbx
File: numeric.cbx 2024/03/21 v3.20 biblatex citation style (PK/MW)
Package biblatex Info: Redefining '\cite'.
Package biblatex Info: Redefining '\parencite'.
Package biblatex Info: Redefining '\footcite'.
Package biblatex Info: Redefining '\footcitetext'.
Package biblatex Info: Redefining '\smartcite'.
Package biblatex Info: Redefining '\supercite'.
Package biblatex Info: Redefining '\textcite'.
Package biblatex Info: Redefining '\textcites'.
Package biblatex Info: Redefining '\cites'.
Package biblatex Info: Redefining '\parencites'.
Package biblatex Info: Redefining '\smartcites'.
)
Package biblatex Info: Trying to load configuration file...
Package biblatex Info: ... file 'biblatex.cfg' found.

(C:\Users\User\AppData\Roaming\MiKTeX\2.9\tex/latex/biblatex\biblatex.cfg
File: biblatex.cfg 
)
Package biblatex Info: Input encoding 'utf8' detected.
Package biblatex Info: Document encoding is UTF8 ....

(C:\Users\User\AppData\Roaming\MiKTeX\2.9\tex/latex/l3kernel\expl3.sty
Package: expl3 2025-04-14 L3 programming layer (loader) 

(C:\Users\User\AppData\Roaming\MiKTeX\2.9\tex/latex/l3backend\l3backend-pdftex.
def
File: l3backend-pdftex.def 2025-04-14 L3 backend support: PDF output (pdfTeX)
\l__color_backend_stack_int=\count465
))
Package biblatex Info: ... and expl3
(biblatex)             2025-04-14 L3 programming layer (loader) 
(biblatex)             is new enough (at least 2020/04/06),
(biblatex)             setting 'casechanger=expl3'.

(C:\Users\User\AppData\Roaming\MiKTeX\2.9\tex/latex/biblatex\blx-case-expl3.sty

(C:\Users\User\AppData\Roaming\MiKTeX\2.9\tex/latex/l3packages/xparse\xparse.st
y
Package: xparse 2024-08-16 L3 Experimental document command parser
)
Package: blx-case-expl3 2024/03/21 v3.20 expl3 case changing code for biblatex
)) (C:\Users\User\AppData\Roaming\MiKTeX\2.9\tex/latex/multirow\multirow.sty
Package: multirow 2024/11/12 v2.9 Span multiple rows of a table
\multirow@colwidth=\skip165
\multirow@cntb=\count466
\multirow@dima=\skip166
\bigstrutjot=\dimen299
) (C:\Users\User\AppData\Roaming\MiKTeX\2.9\tex/latex/tools\array.sty
Package: array 2024/10/17 v2.6g Tabular extension package (FMi)
\col@sep=\dimen300
\ar@mcellbox=\box93
\extrarowheight=\dimen301
\NC@list=\toks52
\extratabsurround=\skip167
\backup@length=\skip168
\ar@cellbox=\box94
)
(C:\Users\User\AppData\Roaming\MiKTeX\2.9\tex/latex/hyperref\hyperref.sty
Package: hyperref 2024-11-05 v7.01l Hypertext links for LaTeX

(C:\Users\User\AppData\Roaming\MiKTeX\2.9\tex/generic/kvdefinekeys\kvdefinekeys
.sty
Package: kvdefinekeys 2019-12-19 v1.6 Define keys (HO)
)
(C:\Users\User\AppData\Roaming\MiKTeX\2.9\tex/generic/pdfescape\pdfescape.sty
Package: pdfescape 2019/12/09 v1.15 Implements pdfTeX's escape features (HO)
)
(C:\Users\User\AppData\Roaming\MiKTeX\2.9\tex/latex/hycolor\hycolor.sty
Package: hycolor 2020-01-27 v1.10 Color options for hyperref/bookmark (HO)
)
(C:\Users\User\AppData\Roaming\MiKTeX\2.9\tex/latex/hyperref\nameref.sty
Package: nameref 2023-11-26 v2.56 Cross-referencing by name of section

(C:\Users\User\AppData\Roaming\MiKTeX\2.9\tex/latex/refcount\refcount.sty
Package: refcount 2019/12/15 v3.6 Data extraction from label references (HO)
)
(C:\Users\User\AppData\Roaming\MiKTeX\2.9\tex/generic/gettitlestring\gettitlest
ring.sty
Package: gettitlestring 2019/12/15 v1.6 Cleanup title references (HO)
)
\c@section@level=\count467
)
(C:\Users\User\AppData\Roaming\MiKTeX\2.9\tex/generic/stringenc\stringenc.sty
Package: stringenc 2019/11/29 v1.12 Convert strings between diff. encodings (HO
)
)
\@linkdim=\dimen302
\Hy@linkcounter=\count468
\Hy@pagecounter=\count469

(C:\Users\User\AppData\Roaming\MiKTeX\2.9\tex/latex/hyperref\pd1enc.def
File: pd1enc.def 2024-11-05 v7.01l Hyperref: PDFDocEncoding definition (HO)
Now handling font encoding PD1 ...
... no UTF-8 mapping file for font encoding PD1
)
(C:\Users\User\AppData\Roaming\MiKTeX\2.9\tex/generic/intcalc\intcalc.sty
Package: intcalc 2019/12/15 v1.3 Expandable calculations with integers (HO)
)
\Hy@SavedSpaceFactor=\count470

(C:\Users\User\AppData\Roaming\MiKTeX\2.9\tex/latex/hyperref\puenc.def
File: puenc.def 2024-11-05 v7.01l Hyperref: PDF Unicode definition (HO)
Now handling font encoding PU ...
... no UTF-8 mapping file for font encoding PU
)
Package hyperref Info: Hyper figures OFF on input line 4157.
Package hyperref Info: Link nesting OFF on input line 4162.
Package hyperref Info: Hyper index ON on input line 4165.
Package hyperref Info: Plain pages OFF on input line 4172.
Package hyperref Info: Backreferencing OFF on input line 4177.
Package hyperref Info: Implicit mode ON; LaTeX internals redefined.
Package hyperref Info: Bookmarks ON on input line 4424.
\c@Hy@tempcnt=\count471
LaTeX Info: Redefining \url on input line 4763.
\XeTeXLinkMargin=\dimen303

(C:\Users\User\AppData\Roaming\MiKTeX\2.9\tex/generic/bitset\bitset.sty
Package: bitset 2019/12/09 v1.3 Handle bit-vector datatype (HO)

(C:\Users\User\AppData\Roaming\MiKTeX\2.9\tex/generic/bigintcalc\bigintcalc.sty
Package: bigintcalc 2019/12/15 v1.5 Expandable calculations on big integers (HO
)
))
\Fld@menulength=\count472
\Field@Width=\dimen304
\Fld@charsize=\dimen305
Package hyperref Info: Hyper figures OFF on input line 6042.
Package hyperref Info: Link nesting OFF on input line 6047.
Package hyperref Info: Hyper index ON on input line 6050.
Package hyperref Info: backreferencing OFF on input line 6057.
Package hyperref Info: Link coloring OFF on input line 6062.
Package hyperref Info: Link coloring with OCG OFF on input line 6067.
Package hyperref Info: PDF/A mode OFF on input line 6072.
 (C:\Users\User\AppData\Roaming\MiKTeX\2.9\tex/latex/base\atbegshi-ltx.sty
Package: atbegshi-ltx 2021/01/10 v1.0c Emulation of the original atbegshi
package with kernel methods
)
\Hy@abspage=\count473
\c@Item=\count474
\c@Hfootnote=\count475
)
Package hyperref Info: Driver (autodetected): hpdftex.

(C:\Users\User\AppData\Roaming\MiKTeX\2.9\tex/latex/hyperref\hpdftex.def
File: hpdftex.def 2024-11-05 v7.01l Hyperref driver for pdfTeX

(C:\Users\User\AppData\Roaming\MiKTeX\2.9\tex/latex/base\atveryend-ltx.sty
Package: atveryend-ltx 2020/08/19 v1.0a Emulation of the original atveryend pac
kage
with kernel methods
)
\Fld@listcount=\count476
\c@bookmark@seq@number=\count477

(C:\Users\User\AppData\Roaming\MiKTeX\2.9\tex/latex/rerunfilecheck\rerunfileche
ck.sty
Package: rerunfilecheck 2022-07-10 v1.10 Rerun checks for auxiliary files (HO)

(C:\Users\User\AppData\Roaming\MiKTeX\2.9\tex/generic/uniquecounter\uniquecount
er.sty
Package: uniquecounter 2019/12/15 v1.4 Provide unlimited unique counter (HO)
)
Package uniquecounter Info: New unique counter `rerunfilecheck' on input line 2
85.
)
\Hy@SectionHShift=\skip169
)
\@quotelevel=\count478
\@quotereset=\count479
 (Joint Factor Strategy 1.aux)
\openout1 = `"Joint Factor Strategy 1.aux"'.

LaTeX Font Info:    Checking defaults for OML/cmm/m/it on input line 27.
LaTeX Font Info:    ... okay on input line 27.
LaTeX Font Info:    Checking defaults for OMS/cmsy/m/n on input line 27.
LaTeX Font Info:    ... okay on input line 27.
LaTeX Font Info:    Checking defaults for OT1/cmr/m/n on input line 27.
LaTeX Font Info:    ... okay on input line 27.
LaTeX Font Info:    Checking defaults for T1/cmr/m/n on input line 27.
LaTeX Font Info:    ... okay on input line 27.
LaTeX Font Info:    Checking defaults for TS1/cmr/m/n on input line 27.
LaTeX Font Info:    ... okay on input line 27.
LaTeX Font Info:    Checking defaults for OMX/cmex/m/n on input line 27.
LaTeX Font Info:    ... okay on input line 27.
LaTeX Font Info:    Checking defaults for U/cmr/m/n on input line 27.
LaTeX Font Info:    ... okay on input line 27.
LaTeX Font Info:    Checking defaults for PD1/pdf/m/n on input line 27.
LaTeX Font Info:    ... okay on input line 27.
LaTeX Font Info:    Checking defaults for PU/pdf/m/n on input line 27.
LaTeX Font Info:    ... okay on input line 27.
\c@lstlisting=\count480

(C:\Users\User\AppData\Roaming\MiKTeX\2.9\tex/context/base/mkii\supp-pdf.mkii
[Loading MPS to PDF converter (version 2006.09.02).]
\scratchcounter=\count481
\scratchdimen=\dimen306
\scratchbox=\box95
\nofMPsegments=\count482
\nofMParguments=\count483
\everyMPshowfont=\toks53
\MPscratchCnt=\count484
\MPscratchDim=\dimen307
\MPnumerator=\count485
\makeMPintoPDFobject=\count486
\everyMPtoPDFconversion=\toks54
)
(C:\Users\User\AppData\Roaming\MiKTeX\2.9\tex/latex/epstopdf-pkg\epstopdf-base.
sty
Package: epstopdf-base 2020-01-24 v2.11 Base part for package epstopdf
Package epstopdf-base Info: Redefining graphics rule for `.eps' on input line 4
85.

(C:\Users\User\AppData\Roaming\MiKTeX\2.9\tex/latex/00miktex\epstopdf-sys.cfg
File: epstopdf-sys.cfg 2021/03/18 v2.0 Configuration of epstopdf for MiKTeX
))
Package pgfplots notification 'compat/show suggested version=true': document ha
s been generated with the most recent feature set (\pgfplotsset{compat=1.18}).

*geometry* driver: auto-detecting
*geometry* detected driver: pdftex
*geometry* verbose mode - [ preamble ] result:
* driver: pdftex
* paper: <default>
* layout: <same size as paper>
* layoutoffset:(h,v)=(0.0pt,0.0pt)
* modes: 
* h-part:(L,W,R)=(57.81621pt, 498.66258pt, 57.81621pt)
* v-part:(T,H,B)=(57.81621pt, 679.33757pt, 57.81621pt)
* \paperwidth=614.295pt
* \paperheight=794.96999pt
* \textwidth=498.66258pt
* \textheight=679.33757pt
* \oddsidemargin=-14.45378pt
* \evensidemargin=-14.45378pt
* \topmargin=-51.45378pt
* \headheight=12.0pt
* \headsep=25.0pt
* \topskip=10.0pt
* \footskip=30.0pt
* \marginparwidth=65.0pt
* \marginparsep=11.0pt
* \columnsep=10.0pt
* \skip\footins=9.0pt plus 4.0pt minus 2.0pt
* \hoffset=0.0pt
* \voffset=0.0pt
* \mag=1000
* \@twocolumnfalse
* \@twosidefalse
* \@mparswitchfalse
* \@reversemarginfalse
* (1in=72.27pt=25.4mm, 1cm=28.453pt)

Package biblatex Info: Trying to load language 'english'...
Package biblatex Info: ... file 'english.lbx' found.
(C:\Users\User\AppData\Roaming\MiKTeX\2.9\tex/latex/biblatex/lbx\english.lbx
File: english.lbx 2024/03/21 v3.20 biblatex localization (PK/MW)
)
Package biblatex Info: Input encoding 'utf8' detected.
Package biblatex Info: Automatic encoding selection.
(biblatex)             Assuming data encoding 'utf8'.
\openout4 = `"Joint Factor Strategy 1.bcf"'.

Package biblatex Info: Trying to load bibliographic data...
Package biblatex Info: ... file '"Joint Factor Strategy 1".bbl' not found.

No file "Joint Factor Strategy 1".bbl.
Package biblatex Info: Reference section=0 on input line 27.
Package biblatex Info: Reference segment=0 on input line 27.
Package hyperref Info: Link coloring OFF on input line 27.
(Joint Factor Strategy 1.out) (Joint Factor Strategy 1.out)
\@outlinefile=\write5
\openout5 = `"Joint Factor Strategy 1.out"'.



[1

{C:/Users/User/AppData/Local/MiKTeX/2.9/fonts/map/pdftex/pdftex.map}]
(Joint Factor Strategy 1.toc)
\tf@toc=\write6
\openout6 = `"Joint Factor Strategy 1.toc"'.




pdfTeX warning (ext4): destination with the same identifier (name{page.1}) has 
been already used, duplicate ignored
<to be read again> 
                   \relax 
l.67 \newpage
              [1]
Underfull \hbox (badness 10000) in paragraph at lines 71--72

 []


Underfull \hbox (badness 10000) in paragraph at lines 73--74

 []


Underfull \hbox (badness 10000) in paragraph at lines 75--76

 []


Underfull \hbox (badness 10000) in paragraph at lines 77--78

 []



[2]
Underfull \hbox (badness 10000) in paragraph at lines 82--83

 []


Underfull \hbox (badness 10000) in paragraph at lines 84--85

 []

LaTeX Font Info:    Trying to load font information for U+msa on input line 88.

(C:\Users\User\AppData\Roaming\MiKTeX\2.9\tex/latex/amsfonts\umsa.fd
File: umsa.fd 2013/01/14 v3.01 AMS symbols A
)
LaTeX Font Info:    Trying to load font information for U+msb on input line 88.


(C:\Users\User\AppData\Roaming\MiKTeX\2.9\tex/latex/amsfonts\umsb.fd
File: umsb.fd 2013/01/14 v3.01 AMS symbols B
)
Overfull \hbox (49.75188pt too wide) in paragraph at lines 88--99
[][] 
 []


Underfull \hbox (badness 10000) in paragraph at lines 102--103

 []


Underfull \hbox (badness 10000) in paragraph at lines 104--105

 []


Underfull \hbox (badness 10000) in paragraph at lines 106--107

 []


Underfull \hbox (badness 10000) in paragraph at lines 108--109

 []


Underfull \hbox (badness 10000) in paragraph at lines 110--111

 []


Underfull \hbox (badness 10000) in paragraph at lines 112--113

 []


Underfull \hbox (badness 10000) in paragraph at lines 114--115

 []


Underfull \hbox (badness 10000) in paragraph at lines 116--117

 []


Underfull \hbox (badness 10000) in paragraph at lines 118--119

 []


Underfull \hbox (badness 10000) in paragraph at lines 120--121

 []



[3]
Underfull \hbox (badness 10000) in paragraph at lines 122--123

 []


Underfull \hbox (badness 10000) in paragraph at lines 124--125

 []


Underfull \hbox (badness 10000) in paragraph at lines 128--129

 []


Overfull \hbox (187.08679pt too wide) in paragraph at lines 130--141
[][] 
 []


Underfull \hbox (badness 10000) in paragraph at lines 130--141

 []


Underfull \hbox (badness 10000) in paragraph at lines 144--145

 []


Overfull \hbox (148.4829pt too wide) in paragraph at lines 146--167
[][] 
 []


Underfull \hbox (badness 10000) in paragraph at lines 146--167

 []


Underfull \hbox (badness 10000) in paragraph at lines 170--181

 []



[4]
Underfull \hbox (badness 10000) in paragraph at lines 189--190

 []


Underfull \hbox (badness 10000) in paragraph at lines 191--192

 []


Underfull \hbox (badness 10000) in paragraph at lines 193--194

 []


Underfull \hbox (badness 10000) in paragraph at lines 195--196

 []


Underfull \hbox (badness 10000) in paragraph at lines 197--198

 []


Underfull \hbox (badness 10000) in paragraph at lines 199--200

 []


Underfull \hbox (badness 10000) in paragraph at lines 201--210

 []


Underfull \hbox (badness 10000) in paragraph at lines 213--214

 []


Underfull \hbox (badness 10000) in paragraph at lines 215--216

 []


Underfull \hbox (badness 10000) in paragraph at lines 217--218

 []


Underfull \hbox (badness 10000) in paragraph at lines 219--220

 []


Underfull \hbox (badness 10000) in paragraph at lines 221--222

 []


Underfull \hbox (badness 10000) in paragraph at lines 223--224

 []


Underfull \hbox (badness 10000) in paragraph at lines 225--226

 []


Underfull \hbox (badness 10000) in paragraph at lines 227--228

 []


Underfull \hbox (badness 10000) in paragraph at lines 229--230

 []


Underfull \hbox (badness 10000) in paragraph at lines 231--232

 []


Underfull \hbox (badness 10000) in paragraph at lines 233--234

 []



[5]
Underfull \hbox (badness 10000) in paragraph at lines 237--238

 []


Underfull \hbox (badness 10000) in paragraph at lines 239--240

 []


Underfull \hbox (badness 10000) in paragraph at lines 241--242

 []


Underfull \hbox (badness 10000) in paragraph at lines 243--247

 []


Underfull \hbox (badness 10000) in paragraph at lines 250--251

 []


Underfull \hbox (badness 10000) in paragraph at lines 252--253

 []


Underfull \hbox (badness 10000) in paragraph at lines 254--255

 []


Underfull \hbox (badness 10000) in paragraph at lines 256--257

 []


Underfull \hbox (badness 10000) in paragraph at lines 258--259

 []


Underfull \hbox (badness 10000) in paragraph at lines 260--261

 []


Underfull \hbox (badness 10000) in paragraph at lines 262--263

 []



[6]
Underfull \hbox (badness 10000) in paragraph at lines 264--265

 []


Underfull \hbox (badness 10000) in paragraph at lines 266--269

 []


Underfull \hbox (badness 10000) in paragraph at lines 270--276

 []


Underfull \hbox (badness 10000) in paragraph at lines 277--285

 []


Underfull \hbox (badness 10000) in paragraph at lines 288--289

 []


Underfull \hbox (badness 10000) in paragraph at lines 290--291

 []


Underfull \hbox (badness 10000) in paragraph at lines 292--293

 []



[7]
Underfull \hbox (badness 10000) in paragraph at lines 298--299

 []


Underfull \hbox (badness 10000) in paragraph at lines 300--301

 []


Underfull \hbox (badness 10000) in paragraph at lines 302--303

 []


Underfull \hbox (badness 10000) in paragraph at lines 304--310

 []


Underfull \hbox (badness 10000) in paragraph at lines 313--314

 []


Underfull \hbox (badness 10000) in paragraph at lines 315--316

 []


Underfull \hbox (badness 10000) in paragraph at lines 317--321

 []


Underfull \hbox (badness 10000) in paragraph at lines 322--329

 []


Underfull \hbox (badness 10000) in paragraph at lines 332--335

 []


Underfull \hbox (badness 10000) in paragraph at lines 336--340

 []



[8]
Underfull \hbox (badness 10000) in paragraph at lines 341--342

 []



[9]
Underfull \hbox (badness 10000) in paragraph at lines 348--349

 []


Underfull \hbox (badness 10000) in paragraph at lines 350--352

 []


Underfull \hbox (badness 10000) in paragraph at lines 353--354

 []


Underfull \hbox (badness 10000) in paragraph at lines 355--356

 []


Overfull \hbox (18.6223pt too wide) in paragraph at lines 357--365
[]$\OML/cmm/m/it/10 ^^V[] \OT1/cmr/m/n/10 = [] []$ where we recall $[] = []$ an
d $[] = []$, $\OML/cmm/m/it/10 V \OT1/cmr/m/n/10 = []$. 
 []


Underfull \hbox (badness 10000) in paragraph at lines 357--365

 []


Underfull \hbox (badness 10000) in paragraph at lines 366--370

 []


Underfull \hbox (badness 10000) in paragraph at lines 371--372

 []


Underfull \hbox (badness 10000) in paragraph at lines 373--374

 []


Underfull \hbox (badness 10000) in paragraph at lines 375--376

 []


Underfull \hbox (badness 10000) in paragraph at lines 377--378

 []


Underfull \hbox (badness 10000) in paragraph at lines 379--380

 []


Underfull \hbox (badness 10000) in paragraph at lines 381--382

 []


Underfull \hbox (badness 10000) in paragraph at lines 383--384

 []



[10]
Underfull \hbox (badness 10000) in paragraph at lines 391--392

 []


Underfull \hbox (badness 10000) in paragraph at lines 393--394

 []


Underfull \hbox (badness 10000) in paragraph at lines 395--396

 []


Underfull \hbox (badness 10000) in paragraph at lines 397--398

 []


Underfull \hbox (badness 10000) in paragraph at lines 399--400

 []


Underfull \hbox (badness 10000) in paragraph at lines 401--402

 []


Underfull \hbox (badness 10000) in paragraph at lines 403--404

 []


Underfull \hbox (badness 10000) in paragraph at lines 405--406

 []


Underfull \hbox (badness 10000) in paragraph at lines 407--408

 []



[11]
Underfull \hbox (badness 10000) in paragraph at lines 413--414

 []


Underfull \hbox (badness 10000) in paragraph at lines 415--418

 []


Underfull \hbox (badness 10000) in paragraph at lines 419--420

 []


Underfull \hbox (badness 10000) in paragraph at lines 421--422

 []


Underfull \hbox (badness 10000) in paragraph at lines 423--424

 []


Underfull \hbox (badness 10000) in paragraph at lines 425--426

 []


Underfull \hbox (badness 10000) in paragraph at lines 427--428

 []


Underfull \hbox (badness 10000) in paragraph at lines 429--430

 []


Underfull \hbox (badness 10000) in paragraph at lines 431--432

 []


Underfull \hbox (badness 10000) in paragraph at lines 433--434

 []



[12]
Underfull \hbox (badness 10000) in paragraph at lines 439--440

 []


Underfull \hbox (badness 10000) in paragraph at lines 441--442

 []


Underfull \hbox (badness 10000) in paragraph at lines 443--444

 []


Underfull \hbox (badness 10000) in paragraph at lines 445--446

 []


Underfull \hbox (badness 10000) in paragraph at lines 447--448

 []


Underfull \hbox (badness 10000) in paragraph at lines 449--450

 []


Underfull \hbox (badness 10000) in paragraph at lines 453--454

 []



[13]
Underfull \hbox (badness 10000) in paragraph at lines 457--458

 []

<Sharpe_ENS_Agg_N.png, id=154, 688.0104pt x 498.663pt>
File: Sharpe_ENS_Agg_N.png Graphic file (type png)
<use Sharpe_ENS_Agg_N.png>
Package pdftex.def Info: Sharpe_ENS_Agg_N.png  used on input line 460.
(pdftex.def)             Requested size: 289.2252pt x 209.62724pt.
<Sharpe_ENS_OLS_Agg_N.png, id=156, 690.1785pt x 498.663pt>
File: Sharpe_ENS_OLS_Agg_N.png Graphic file (type png)
<use Sharpe_ENS_OLS_Agg_N.png>
Package pdftex.def Info: Sharpe_ENS_OLS_Agg_N.png  used on input line 461.
(pdftex.def)             Requested size: 274.26593pt x 198.16052pt.
<Sharpe_ENS_FF3_Agg_N.png, id=157, 696.6828pt x 498.663pt>
File: Sharpe_ENS_FF3_Agg_N.png Graphic file (type png)
<use Sharpe_ENS_FF3_Agg_N.png>
Package pdftex.def Info: Sharpe_ENS_FF3_Agg_N.png  used on input line 462.
(pdftex.def)             Requested size: 274.26593pt x 196.31154pt.
<Sharpe_ENS_EN_Agg_N.png, id=158, 696.6828pt x 498.663pt>
File: Sharpe_ENS_EN_Agg_N.png Graphic file (type png)
<use Sharpe_ENS_EN_Agg_N.png>
Package pdftex.def Info: Sharpe_ENS_EN_Agg_N.png  used on input line 463.
(pdftex.def)             Requested size: 274.26593pt x 196.31154pt.

Overfull \hbox (67.05077pt too wide) in paragraph at lines 460--464
[][] []
 []


Overfull \hbox (52.09149pt too wide) in paragraph at lines 460--464
[] [] 
 []


Underfull \hbox (badness 10000) in paragraph at lines 468--469

 []



[14 <./Sharpe_ENS_Agg_N.png> <./Sharpe_ENS_OLS_Agg_N.png> <./Sharpe_ENS_FF3_Agg
_N.png> <./Sharpe_ENS_EN_Agg_N.png>]
Underfull \hbox (badness 10000) in paragraph at lines 472--473

 []

<Turn_ENS_Agg_N.png, id=167, 681.5061pt x 498.663pt>
File: Turn_ENS_Agg_N.png Graphic file (type png)
<use Turn_ENS_Agg_N.png>
Package pdftex.def Info: Turn_ENS_Agg_N.png  used on input line 475.
(pdftex.def)             Requested size: 289.2252pt x 211.6284pt.
<Turn_ENS_OLS_Agg_N.png, id=168, 696.6828pt x 498.663pt>
File: Turn_ENS_OLS_Agg_N.png Graphic file (type png)
<use Turn_ENS_OLS_Agg_N.png>
Package pdftex.def Info: Turn_ENS_OLS_Agg_N.png  used on input line 476.
(pdftex.def)             Requested size: 274.26593pt x 196.31154pt.
<Turn_ENS_FF3_Agg_N.png, id=169, 696.6828pt x 498.663pt>
File: Turn_ENS_FF3_Agg_N.png Graphic file (type png)
<use Turn_ENS_FF3_Agg_N.png>
Package pdftex.def Info: Turn_ENS_FF3_Agg_N.png  used on input line 477.
(pdftex.def)             Requested size: 274.26593pt x 196.31154pt.
<Turn_ENS_EN_Agg_N.png, id=170, 696.6828pt x 498.663pt>
File: Turn_ENS_EN_Agg_N.png Graphic file (type png)
<use Turn_ENS_EN_Agg_N.png>
Package pdftex.def Info: Turn_ENS_EN_Agg_N.png  used on input line 478.
(pdftex.def)             Requested size: 274.26593pt x 196.31154pt.

Overfull \hbox (67.05077pt too wide) in paragraph at lines 475--479
[][] []
 []


Overfull \hbox (52.09149pt too wide) in paragraph at lines 475--479
[] [] 
 []


Underfull \hbox (badness 10000) in paragraph at lines 483--484

 []



[15 <./Turn_ENS_Agg_N.png> <./Turn_ENS_OLS_Agg_N.png> <./Turn_ENS_FF3_Agg_N.png
> <./Turn_ENS_EN_Agg_N.png>]
Underfull \hbox (badness 10000) in paragraph at lines 487--488

 []

<Sharpe_ENS_Tempcomp_Agg.png, id=180, 310.761pt x 498.663pt>
File: Sharpe_ENS_Tempcomp_Agg.png Graphic file (type png)
<use Sharpe_ENS_Tempcomp_Agg.png>
Package pdftex.def Info: Sharpe_ENS_Tempcomp_Agg.png  used on input line 490.
(pdftex.def)             Requested size: 249.33128pt x 400.10272pt.
<Turn_ENS_Tempcomp_Agg.png, id=181, 319.4334pt x 498.663pt>
File: Turn_ENS_Tempcomp_Agg.png Graphic file (type png)
<use Turn_ENS_Tempcomp_Agg.png>
Package pdftex.def Info: Turn_ENS_Tempcomp_Agg.png  used on input line 491.
(pdftex.def)             Requested size: 256.31633pt x 400.16359pt.

Overfull \hbox (9.20724pt too wide) in paragraph at lines 490--492
[][] [] 
 []



[16 <./Sharpe_ENS_Tempcomp_Agg.png> <./Turn_ENS_Tempcomp_Agg.png>]
<Num_Ext_ENS_Agg.png, id=188, 674.2791pt x 498.663pt>
File: Num_Ext_ENS_Agg.png Graphic file (type png)
<use Num_Ext_ENS_Agg.png>
Package pdftex.def Info: Num_Ext_ENS_Agg.png  used on input line 497.
(pdftex.def)             Requested size: 448.79327pt x 331.91109pt.

Underfull \hbox (badness 10000) in paragraph at lines 500--501

 []



[17 <./Num_Ext_ENS_Agg.png>]
Underfull \hbox (badness 10000) in paragraph at lines 506--507

 []


Underfull \hbox (badness 10000) in paragraph at lines 508--517

 []


Underfull \hbox (badness 10000) in paragraph at lines 518--520

 []


Underfull \hbox (badness 10000) in paragraph at lines 521--522

 []


Underfull \hbox (badness 10000) in paragraph at lines 524--525

 []


Underfull \hbox (badness 10000) in paragraph at lines 526--527

 []



[18]
Underfull \hbox (badness 10000) in paragraph at lines 532--533

 []


Underfull \hbox (badness 10000) in paragraph at lines 534--535

 []


Underfull \hbox (badness 10000) in paragraph at lines 536--537

 []


Underfull \hbox (badness 10000) in paragraph at lines 538--539

 []


Underfull \hbox (badness 10000) in paragraph at lines 540--541

 []


Underfull \hbox (badness 10000) in paragraph at lines 542--543

 []


Underfull \hbox (badness 10000) in paragraph at lines 544--545

 []


Underfull \hbox (badness 10000) in paragraph at lines 546--547

 []


Underfull \hbox (badness 10000) in paragraph at lines 548--549

 []


Underfull \hbox (badness 10000) in paragraph at lines 550--551

 []


Underfull \hbox (badness 10000) in paragraph at lines 552--553

 []



[19]
Underfull \hbox (badness 10000) in paragraph at lines 558--559

 []


Underfull \hbox (badness 10000) in paragraph at lines 560--561

 []


Underfull \hbox (badness 10000) in paragraph at lines 562--563

 []


Underfull \hbox (badness 10000) in paragraph at lines 564--565

 []



[20]
Underfull \hbox (badness 10000) in paragraph at lines 572--573

 []


Underfull \hbox (badness 10000) in paragraph at lines 574--575

 []


Underfull \hbox (badness 10000) in paragraph at lines 576--577

 []


Underfull \hbox (badness 10000) in paragraph at lines 578--579

 []


Underfull \hbox (badness 10000) in paragraph at lines 580--581

 []


Underfull \hbox (badness 10000) in paragraph at lines 582--583

 []


Underfull \hbox (badness 10000) in paragraph at lines 586--587

 []


Underfull \hbox (badness 10000) in paragraph at lines 588--589

 []


Underfull \hbox (badness 10000) in paragraph at lines 591--592

 []



[21]
Underfull \hbox (badness 10000) in paragraph at lines 601--602

 []


Underfull \hbox (badness 10000) in paragraph at lines 603--604

 []


Underfull \hbox (badness 10000) in paragraph at lines 605--606

 []


Underfull \hbox (badness 10000) in paragraph at lines 607--608

 []


Underfull \hbox (badness 10000) in paragraph at lines 609--610

 []


Underfull \hbox (badness 10000) in paragraph at lines 611--612

 []


Underfull \hbox (badness 10000) in paragraph at lines 613--614

 []


Underfull \hbox (badness 10000) in paragraph at lines 615--616

 []


Underfull \hbox (badness 10000) in paragraph at lines 617--618

 []


Underfull \hbox (badness 10000) in paragraph at lines 619--620

 []


Underfull \hbox (badness 10000) in paragraph at lines 621--622

 []



[22]
Underfull \hbox (badness 10000) in paragraph at lines 623--624

 []


Underfull \hbox (badness 10000) in paragraph at lines 625--626

 []


Underfull \hbox (badness 10000) in paragraph at lines 627--628

 []


Underfull \hbox (badness 10000) in paragraph at lines 629--630

 []


Underfull \hbox (badness 10000) in paragraph at lines 631--632

 []



[23]
Underfull \hbox (badness 10000) in paragraph at lines 639--640

 []

<Sharpe_ENS_Agg.png, id=219, 688.0104pt x 498.663pt>
File: Sharpe_ENS_Agg.png Graphic file (type png)
<use Sharpe_ENS_Agg.png>
Package pdftex.def Info: Sharpe_ENS_Agg.png  used on input line 644.
(pdftex.def)             Requested size: 373.99693pt x 271.06972pt.
<Sharpe_ENS_OLS_Agg.png, id=220, 690.1785pt x 498.663pt>
File: Sharpe_ENS_OLS_Agg.png Graphic file (type png)
<use Sharpe_ENS_OLS_Agg.png>
Package pdftex.def Info: Sharpe_ENS_OLS_Agg.png  used on input line 645.
(pdftex.def)             Requested size: 373.99693pt x 270.22513pt.

Underfull \hbox (badness 10000) in paragraph at lines 644--646
[][]
 []



[24 <./Sharpe_ENS_Agg.png> <./Sharpe_ENS_OLS_Agg.png>]
<Sharpe_ENS_FF3_Agg.png, id=228, 696.6828pt x 498.663pt>
File: Sharpe_ENS_FF3_Agg.png Graphic file (type png)
<use Sharpe_ENS_FF3_Agg.png>
Package pdftex.def Info: Sharpe_ENS_FF3_Agg.png  used on input line 651.
(pdftex.def)             Requested size: 373.99693pt x 267.69894pt.
<Sharpe_ENS_EN_Agg.png, id=229, 696.6828pt x 498.663pt>
File: Sharpe_ENS_EN_Agg.png Graphic file (type png)
<use Sharpe_ENS_EN_Agg.png>
Package pdftex.def Info: Sharpe_ENS_EN_Agg.png  used on input line 652.
(pdftex.def)             Requested size: 373.99693pt x 267.69894pt.

Underfull \hbox (badness 10000) in paragraph at lines 651--653
[][]
 []



[25 <./Sharpe_ENS_FF3_Agg.png> <./Sharpe_ENS_EN_Agg.png>]
Underfull \hbox (badness 10000) in paragraph at lines 657--658

 []

<Turn_ENS_Agg.png, id=236, 681.5061pt x 498.663pt>
File: Turn_ENS_Agg.png Graphic file (type png)
<use Turn_ENS_Agg.png>
Package pdftex.def Info: Turn_ENS_Agg.png  used on input line 662.
(pdftex.def)             Requested size: 373.99693pt x 273.65677pt.
<Turn_ENS_OLS_Agg.png, id=237, 696.6828pt x 498.663pt>
File: Turn_ENS_OLS_Agg.png Graphic file (type png)
<use Turn_ENS_OLS_Agg.png>
Package pdftex.def Info: Turn_ENS_OLS_Agg.png  used on input line 663.
(pdftex.def)             Requested size: 373.99693pt x 267.69894pt.

Underfull \hbox (badness 10000) in paragraph at lines 662--664
[][]
 []



[26 <./Turn_ENS_Agg.png> <./Turn_ENS_OLS_Agg.png>]
<Turn_ENS_FF3_Agg.png, id=244, 696.6828pt x 498.663pt>
File: Turn_ENS_FF3_Agg.png Graphic file (type png)
<use Turn_ENS_FF3_Agg.png>
Package pdftex.def Info: Turn_ENS_FF3_Agg.png  used on input line 669.
(pdftex.def)             Requested size: 373.99693pt x 267.69894pt.
<Turn_ENS_EN_Agg.png, id=245, 696.6828pt x 498.663pt>
File: Turn_ENS_EN_Agg.png Graphic file (type png)
<use Turn_ENS_EN_Agg.png>
Package pdftex.def Info: Turn_ENS_EN_Agg.png  used on input line 670.
(pdftex.def)             Requested size: 373.99693pt x 267.69894pt.

Underfull \hbox (badness 10000) in paragraph at lines 669--671
[][]
 []



[27 <./Turn_ENS_FF3_Agg.png> <./Turn_ENS_EN_Agg.png>]
Underfull \hbox (badness 10000) in paragraph at lines 675--676

 []

<Sharpe_ENS_D1.png, id=252, 688.0104pt x 498.663pt>
File: Sharpe_ENS_D1.png Graphic file (type png)
<use Sharpe_ENS_D1.png>
Package pdftex.def Info: Sharpe_ENS_D1.png  used on input line 678.
(pdftex.def)             Requested size: 373.99693pt x 271.06972pt.
<Sharpe_ENS_OLS_D1.png, id=253, 690.1785pt x 498.663pt>
File: Sharpe_ENS_OLS_D1.png Graphic file (type png)
<use Sharpe_ENS_OLS_D1.png>
Package pdftex.def Info: Sharpe_ENS_OLS_D1.png  used on input line 679.
(pdftex.def)             Requested size: 373.99693pt x 270.22513pt.

Underfull \hbox (badness 10000) in paragraph at lines 678--680
[][]
 []



[28 <./Sharpe_ENS_D1.png> <./Sharpe_ENS_OLS_D1.png>]
<Sharpe_ENS_FF3_D1.png, id=260, 690.1785pt x 498.663pt>
File: Sharpe_ENS_FF3_D1.png Graphic file (type png)
<use Sharpe_ENS_FF3_D1.png>
Package pdftex.def Info: Sharpe_ENS_FF3_D1.png  used on input line 685.
(pdftex.def)             Requested size: 373.99693pt x 270.22513pt.
<Sharpe_ENS_EN_D1.png, id=261, 696.6828pt x 498.663pt>
File: Sharpe_ENS_EN_D1.png Graphic file (type png)
<use Sharpe_ENS_EN_D1.png>
Package pdftex.def Info: Sharpe_ENS_EN_D1.png  used on input line 686.
(pdftex.def)             Requested size: 373.99693pt x 267.69894pt.

Underfull \hbox (badness 10000) in paragraph at lines 685--687
[][]
 []



[29 <./Sharpe_ENS_FF3_D1.png> <./Sharpe_ENS_EN_D1.png>]
Underfull \hbox (badness 10000) in paragraph at lines 691--692

 []

<Sharpe_ENS_D2.png, id=268, 682.2288pt x 498.663pt>
File: Sharpe_ENS_D2.png Graphic file (type png)
<use Sharpe_ENS_D2.png>
Package pdftex.def Info: Sharpe_ENS_D2.png  used on input line 694.
(pdftex.def)             Requested size: 373.99693pt x 273.36763pt.
<Sharpe_ENS_OLS_D2.png, id=269, 690.1785pt x 498.663pt>
File: Sharpe_ENS_OLS_D2.png Graphic file (type png)
<use Sharpe_ENS_OLS_D2.png>
Package pdftex.def Info: Sharpe_ENS_OLS_D2.png  used on input line 695.
(pdftex.def)             Requested size: 373.99693pt x 270.22513pt.

Underfull \hbox (badness 10000) in paragraph at lines 694--696
[][]
 []



[30 <./Sharpe_ENS_D2.png> <./Sharpe_ENS_OLS_D2.png>]
<Sharpe_ENS_FF3_D2.png, id=277, 690.1785pt x 498.663pt>
File: Sharpe_ENS_FF3_D2.png Graphic file (type png)
<use Sharpe_ENS_FF3_D2.png>
Package pdftex.def Info: Sharpe_ENS_FF3_D2.png  used on input line 701.
(pdftex.def)             Requested size: 373.99693pt x 270.22513pt.
<Sharpe_ENS_EN_D2.png, id=278, 690.1785pt x 498.663pt>
File: Sharpe_ENS_EN_D2.png Graphic file (type png)
<use Sharpe_ENS_EN_D2.png>
Package pdftex.def Info: Sharpe_ENS_EN_D2.png  used on input line 702.
(pdftex.def)             Requested size: 373.99693pt x 270.22513pt.

Underfull \hbox (badness 10000) in paragraph at lines 701--703
[][]
 []



[31 <./Sharpe_ENS_FF3_D2.png> <./Sharpe_ENS_EN_D2.png>]
Underfull \hbox (badness 10000) in paragraph at lines 707--708

 []

<Sharpe_ENS_D3.png, id=285, 681.5061pt x 498.663pt>
File: Sharpe_ENS_D3.png Graphic file (type png)
<use Sharpe_ENS_D3.png>
Package pdftex.def Info: Sharpe_ENS_D3.png  used on input line 710.
(pdftex.def)             Requested size: 373.99693pt x 273.65677pt.
<Sharpe_ENS_OLS_D3.png, id=286, 696.6828pt x 498.663pt>
File: Sharpe_ENS_OLS_D3.png Graphic file (type png)
<use Sharpe_ENS_OLS_D3.png>
Package pdftex.def Info: Sharpe_ENS_OLS_D3.png  used on input line 711.
(pdftex.def)             Requested size: 373.99693pt x 267.69894pt.

Underfull \hbox (badness 10000) in paragraph at lines 710--712
[][]
 []



[32 <./Sharpe_ENS_D3.png> <./Sharpe_ENS_OLS_D3.png>]
<Sharpe_ENS_FF3_D3.png, id=293, 690.1785pt x 498.663pt>
File: Sharpe_ENS_FF3_D3.png Graphic file (type png)
<use Sharpe_ENS_FF3_D3.png>
Package pdftex.def Info: Sharpe_ENS_FF3_D3.png  used on input line 717.
(pdftex.def)             Requested size: 373.99693pt x 270.22513pt.
<Sharpe_ENS_EN_D3.png, id=294, 690.1785pt x 498.663pt>
File: Sharpe_ENS_EN_D3.png Graphic file (type png)
<use Sharpe_ENS_EN_D3.png>
Package pdftex.def Info: Sharpe_ENS_EN_D3.png  used on input line 718.
(pdftex.def)             Requested size: 373.99693pt x 270.22513pt.

Underfull \hbox (badness 10000) in paragraph at lines 717--719
[][]
 []



[33 <./Sharpe_ENS_FF3_D3.png> <./Sharpe_ENS_EN_D3.png>]
Underfull \hbox (badness 10000) in paragraph at lines 723--724

 []

<Turn_ENS_D1.png, id=301, 681.5061pt x 498.663pt>
File: Turn_ENS_D1.png Graphic file (type png)
<use Turn_ENS_D1.png>
Package pdftex.def Info: Turn_ENS_D1.png  used on input line 726.
(pdftex.def)             Requested size: 373.99693pt x 273.65677pt.
<Turn_ENS_OLS_D1.png, id=302, 690.1785pt x 498.663pt>
File: Turn_ENS_OLS_D1.png Graphic file (type png)
<use Turn_ENS_OLS_D1.png>
Package pdftex.def Info: Turn_ENS_OLS_D1.png  used on input line 727.
(pdftex.def)             Requested size: 373.99693pt x 270.22513pt.

Underfull \hbox (badness 10000) in paragraph at lines 726--728
[][]
 []



[34 <./Turn_ENS_D1.png> <./Turn_ENS_OLS_D1.png>]
<Turn_ENS_FF3_D1.png, id=309, 696.6828pt x 498.663pt>
File: Turn_ENS_FF3_D1.png Graphic file (type png)
<use Turn_ENS_FF3_D1.png>
Package pdftex.def Info: Turn_ENS_FF3_D1.png  used on input line 733.
(pdftex.def)             Requested size: 373.99693pt x 267.69894pt.
<Turn_ENS_EN_D1.png, id=310, 696.6828pt x 498.663pt>
File: Turn_ENS_EN_D1.png Graphic file (type png)
<use Turn_ENS_EN_D1.png>
Package pdftex.def Info: Turn_ENS_EN_D1.png  used on input line 734.
(pdftex.def)             Requested size: 373.99693pt x 267.69894pt.

Underfull \hbox (badness 10000) in paragraph at lines 733--735
[][]
 []



[35 <./Turn_ENS_FF3_D1.png> <./Turn_ENS_EN_D1.png>]
Underfull \hbox (badness 10000) in paragraph at lines 739--740

 []

<Turn_ENS_D2.png, id=317, 681.5061pt x 498.663pt>
File: Turn_ENS_D2.png Graphic file (type png)
<use Turn_ENS_D2.png>
Package pdftex.def Info: Turn_ENS_D2.png  used on input line 742.
(pdftex.def)             Requested size: 373.99693pt x 273.65677pt.
<Turn_ENS_OLS_D2.png, id=318, 690.1785pt x 498.663pt>
File: Turn_ENS_OLS_D2.png Graphic file (type png)
<use Turn_ENS_OLS_D2.png>
Package pdftex.def Info: Turn_ENS_OLS_D2.png  used on input line 743.
(pdftex.def)             Requested size: 373.99693pt x 270.22513pt.

Underfull \hbox (badness 10000) in paragraph at lines 742--744
[][]
 []



[36 <./Turn_ENS_D2.png> <./Turn_ENS_OLS_D2.png>]
<Turn_ENS_FF3_D2.png, id=326, 696.6828pt x 498.663pt>
File: Turn_ENS_FF3_D2.png Graphic file (type png)
<use Turn_ENS_FF3_D2.png>
Package pdftex.def Info: Turn_ENS_FF3_D2.png  used on input line 749.
(pdftex.def)             Requested size: 373.99693pt x 267.69894pt.
<Turn_ENS_EN_D2.png, id=327, 702.4644pt x 498.663pt>
File: Turn_ENS_EN_D2.png Graphic file (type png)
<use Turn_ENS_EN_D2.png>
Package pdftex.def Info: Turn_ENS_EN_D2.png  used on input line 750.
(pdftex.def)             Requested size: 373.99693pt x 265.49995pt.

Underfull \hbox (badness 10000) in paragraph at lines 749--751
[][]
 []



[37 <./Turn_ENS_FF3_D2.png> <./Turn_ENS_EN_D2.png>]
Underfull \hbox (badness 10000) in paragraph at lines 755--756

 []

<Turn_ENS_D3.png, id=334, 681.5061pt x 498.663pt>
File: Turn_ENS_D3.png Graphic file (type png)
<use Turn_ENS_D3.png>
Package pdftex.def Info: Turn_ENS_D3.png  used on input line 758.
(pdftex.def)             Requested size: 373.99693pt x 273.65677pt.
<Turn_ENS_OLS_D3.png, id=335, 690.1785pt x 498.663pt>
File: Turn_ENS_OLS_D3.png Graphic file (type png)
<use Turn_ENS_OLS_D3.png>
Package pdftex.def Info: Turn_ENS_OLS_D3.png  used on input line 759.
(pdftex.def)             Requested size: 373.99693pt x 270.22513pt.

Underfull \hbox (badness 10000) in paragraph at lines 758--760
[][]
 []



[38 <./Turn_ENS_D3.png> <./Turn_ENS_OLS_D3.png>]
<Turn_ENS_FF3_D3.png, id=342, 696.6828pt x 498.663pt>
File: Turn_ENS_FF3_D3.png Graphic file (type png)
<use Turn_ENS_FF3_D3.png>
Package pdftex.def Info: Turn_ENS_FF3_D3.png  used on input line 765.
(pdftex.def)             Requested size: 373.99693pt x 267.69894pt.
<Turn_ENS_EN_D3.png, id=343, 696.6828pt x 498.663pt>
File: Turn_ENS_EN_D3.png Graphic file (type png)
<use Turn_ENS_EN_D3.png>
Package pdftex.def Info: Turn_ENS_EN_D3.png  used on input line 766.
(pdftex.def)             Requested size: 373.99693pt x 267.69894pt.

Underfull \hbox (badness 10000) in paragraph at lines 765--767
[][]
 []



[39 <./Turn_ENS_FF3_D3.png> <./Turn_ENS_EN_D3.png>]
(Joint Factor Strategy 1.aux)
 ***********
LaTeX2e <2024-11-01> patch level 2
L3 programming layer <2025-04-14>
 ***********


Package rerunfilecheck Warning: File `"Joint Factor Strategy 1".out' has change
d.
(rerunfilecheck)                Rerun to get outlines right
(rerunfilecheck)                or use package `bookmark'.

Package rerunfilecheck Info: Checksums for `"Joint Factor Strategy 1".out':
(rerunfilecheck)             Before: FAE99A4EAC9E35A56C985114BC416DAD;1792
(rerunfilecheck)             After:  3AC3EF3F55B5B78DF5017218BEE31EA7;1697.
Package logreq Info: Writing requests to '"Joint Factor Strategy 1".run.xml'.
\openout1 = `"Joint Factor Strategy 1.run.xml"'.

 ) 
Here is how much of TeX's memory you used:
 40886 strings out of 471877
 920472 string characters out of 5520856
 1806740 words of memory out of 5000000
 66824 multiletter control sequences out of 15000+600000
 633136 words of font info for 63 fonts, out of 8000000 for 9000
 0 hyphenation exceptions out of 8191
 99i,13n,105p,750b,803s stack positions out of 10000i,1000n,20000p,200000b,200000s

pdfTeX warning (dest): name{section.14} has been referenced but does not exist,
 replaced by a fixed one

<C:/Users/User/AppData/Roaming/MiKTeX/2.9/fonts/type1/public/amsfonts/cm/cmbx10
.pfb><C:/Users/User/AppData/Roaming/MiKTeX/2.9/fonts/type1/public/amsfonts/cm/c
mbx12.pfb><C:/Users/User/AppData/Roaming/MiKTeX/2.9/fonts/type1/public/amsfonts
/cm/cmex10.pfb><C:/Users/User/AppData/Roaming/MiKTeX/2.9/fonts/type1/public/ams
fonts/cmextra/cmex7.pfb><C:/Users/User/AppData/Roaming/MiKTeX/2.9/fonts/type1/p
ublic/amsfonts/cm/cmmi10.pfb><C:/Users/User/AppData/Roaming/MiKTeX/2.9/fonts/ty
pe1/public/amsfonts/cm/cmmi5.pfb><C:/Users/User/AppData/Roaming/MiKTeX/2.9/font
s/type1/public/amsfonts/cm/cmmi7.pfb><C:/Users/User/AppData/Roaming/MiKTeX/2.9/
fonts/type1/public/amsfonts/cm/cmmib10.pfb><C:/Users/User/AppData/Roaming/MiKTe
X/2.9/fonts/type1/public/amsfonts/cmextra/cmmib7.pfb><C:/Users/User/AppData/Roa
ming/MiKTeX/2.9/fonts/type1/public/amsfonts/cm/cmr10.pfb><C:/Users/User/AppData
/Roaming/MiKTeX/2.9/fonts/type1/public/amsfonts/cm/cmr12.pfb><C:/Users/User/App
Data/Roaming/MiKTeX/2.9/fonts/type1/public/amsfonts/cm/cmr5.pfb><C:/Users/User/
AppData/Roaming/MiKTeX/2.9/fonts/type1/public/amsfonts/cm/cmr7.pfb><C:/Users/Us
er/AppData/Roaming/MiKTeX/2.9/fonts/type1/public/amsfonts/cm/cmsy10.pfb><C:/Use
rs/User/AppData/Roaming/MiKTeX/2.9/fonts/type1/public/amsfonts/cm/cmsy5.pfb><C:
/Users/User/AppData/Roaming/MiKTeX/2.9/fonts/type1/public/amsfonts/cm/cmsy7.pfb
><C:/Users/User/AppData/Roaming/MiKTeX/2.9/fonts/type1/public/amsfonts/cm/cmti1
0.pfb><C:/Users/User/AppData/Roaming/MiKTeX/2.9/fonts/type1/public/amsfonts/sym
bols/msbm10.pfb>
Output written on "Joint Factor Strategy 1.pdf" (40 pages, 7689328 bytes).
PDF statistics:
 443 PDF objects out of 1000 (max. 8388607)
 276 compressed objects within 3 object streams
 55 named destinations out of 1000 (max. 500000)
 340 words of extra memory for PDF output out of 10000 (max. 10000000)

